 cudamatrix

 Timestamp is 5399b44e (Thu Jun 12 18:08:14 2014)

 Preferred load address is 0000000140000000

 Start         Length     Name                   Class
 0001:00000000 00024906H .text                   CODE
 0001:00024910 0000035eH .text$x                 CODE
 0001:00024c70 00000820H .text$yc                CODE
 0001:00025490 00000000H .text$yd                CODE
 0002:00000000 000002f0H .idata$5                DATA
 0002:000002f0 00000008H .CRT$XCA                DATA
 0002:000002f8 00000240H .CRT$XCU                DATA
 0002:00000538 00000008H .CRT$XCZ                DATA
 0002:00000540 00000008H .CRT$XIA                DATA
 0002:00000548 00000020H .CRT$XIC                DATA
 0002:00000568 00000008H .CRT$XIY                DATA
 0002:00000570 00000008H .CRT$XIZ                DATA
 0002:00000578 00000008H .CRT$XPA                DATA
 0002:00000580 00000010H .CRT$XPX                DATA
 0002:00000590 00000008H .CRT$XPXA               DATA
 0002:00000598 00000008H .CRT$XPZ                DATA
 0002:000005a0 00000008H .CRT$XTA                DATA
 0002:000005a8 00000008H .CRT$XTZ                DATA
 0002:000005b0 00010ff0H .rdata                  DATA
 0002:000115a0 0000005cH .rdata$debug            DATA
 0002:00011600 00000000H .rdata$r                DATA
 0002:00011600 00000008H .rtc$IAA                DATA
 0002:00011608 00000008H .rtc$IZZ                DATA
 0002:00011610 00000008H .rtc$TAA                DATA
 0002:00011618 00000008H .rtc$TZZ                DATA
 0002:00011620 00001344H .xdata                  DATA
 0002:00012968 00000000H .xdata$x                DATA
 0002:00012968 00000028H .idata$2                DATA
 0002:00012990 00000014H .idata$3                DATA
 0002:000129a8 000002f0H .idata$4                DATA
 0002:00012c98 000006dcH .idata$6                DATA
 0002:00013374 00000000H .edata                  DATA
 0003:00000000 00001de0H .data                   DATA
 0003:00001de0 00009cc0H .bss                    DATA
 0004:00000000 0000192cH .pdata                  DATA
 0005:00000000 00059048H .nv_fatbin              DATA
 0006:00000000 000000c0H .nvFatBinSegment        DATA
 0007:00000000 00000058H .rsrc$01                DATA
 0007:00000060 00000180H .rsrc$02                DATA

  Address         Publics by Value              Rva+Base               Lib:Object

 0000:00000000       ___safe_se_handler_count   0000000000000000     <absolute>
 0000:00000000       ___safe_se_handler_table   0000000000000000     <absolute>
 0000:00000000       __ImageBase                0000000140000000     <linker-defined>
 0001:00000210       ??$cudaCreateChannelDesc@Uuint4@@@@YA?AUcudaChannelFormatDesc@@XZ 0000000140001210 f i matrix.cu.obj
 0001:000002a0       ??0?$texture@Uuint4@@$00$0A@@@QEAA@HW4cudaTextureFilterMode@@W4cudaTextureAddressMode@@@Z 00000001400012a0 f i matrix.cu.obj
 0001:00000a60       ??$__global__matrix_add__constant__@N@@YAXPEANHH_K@Z 0000000140001a60 f i matrixadd.cu.obj
 0001:00000aa0       ??$__global__matrix_add__global__@N@@YAXPEAN00HH_K11@Z 0000000140001aa0 f i matrixadd.cu.obj
 0001:00000b10       ??$__global__matrix_add__texture__@N@@YAXPEANHH_K@Z 0000000140001b10 f i matrixadd.cu.obj
 0001:00000b50       ??$__host__matrix_add@N@@YAXUdim3@@0PEAU?$MATRIX@N@@11W4MEMORY@@22@Z 0000000140001b50 f i matrixadd.cu.obj
 0001:00001af0       ??$__global__matrix_minus__constant__@N@@YAXPEANHH_K@Z 0000000140002af0 f i matrixminus.cu.obj
 0001:00001b30       ??$__global__matrix_minus__global__@N@@YAXPEAN0HH_K1@Z 0000000140002b30 f i matrixminus.cu.obj
 0001:00001b80       ??$__global__matrix_minus__texture__@N@@YAXPEANHH_K@Z 0000000140002b80 f i matrixminus.cu.obj
 0001:00001bc0       ??$__host__matrix_minus@N@@YAXUdim3@@0PEAU?$MATRIX@N@@1W4MEMORY@@22@Z 0000000140002bc0 f i matrixminus.cu.obj
 0001:00002850       ??$__global__matrix_plus__constant__@N@@YAXPEANHH_K@Z 0000000140003850 f i matrixplus.cu.obj
 0001:00002890       ??$__global__matrix_plus__global__@N@@YAXPEAN0HH_K1@Z 0000000140003890 f i matrixplus.cu.obj
 0001:000028e0       ??$__global__matrix_plus__texture__@N@@YAXPEANHH_K@Z 00000001400038e0 f i matrixplus.cu.obj
 0001:00002920       ??$__host__matrix_plus@N@@YAXUdim3@@0PEAU?$MATRIX@N@@1W4MEMORY@@22@Z 0000000140003920 f i matrixplus.cu.obj
 0001:000035f0       ??$__global__matrix_sub__constant__@N@@YAXPEANHH_K@Z 00000001400045f0 f i matrixsub.cu.obj
 0001:00003630       ??$__global__matrix_sub__global__@N@@YAXPEAN00HH_K11@Z 0000000140004630 f i matrixsub.cu.obj
 0001:000036a0       ??$__global__matrix_sub__texture__@N@@YAXPEANHH_K@Z 00000001400046a0 f i matrixsub.cu.obj
 0001:000036e0       ??$__host__matrix_sub@N@@YAXUdim3@@0PEAU?$MATRIX@N@@11W4MEMORY@@22@Z 00000001400046e0 f i matrixsub.cu.obj
 0001:00004010       ?yyrestart@@YAXPEAU_iobuf@@@Z 0000000140005010 f   matrix.flex.cpp.obj
 0001:000040c0       ?yy_switch_to_buffer@@YAXPEAUyy_buffer_state@@@Z 00000001400050c0 f   matrix.flex.cpp.obj
 0001:000041c0       ?yy_create_buffer@@YAPEAUyy_buffer_state@@PEAU_iobuf@@H@Z 00000001400051c0 f   matrix.flex.cpp.obj
 0001:00004260       ?yy_delete_buffer@@YAXPEAUyy_buffer_state@@@Z 0000000140005260 f   matrix.flex.cpp.obj
 0001:000042f0       ?yy_flush_buffer@@YAXPEAUyy_buffer_state@@@Z 00000001400052f0 f   matrix.flex.cpp.obj
 0001:000043c0       ?yypush_buffer_state@@YAXPEAUyy_buffer_state@@@Z 00000001400053c0 f   matrix.flex.cpp.obj
 0001:000044d0       ?yypop_buffer_state@@YAXXZ 00000001400054d0 f   matrix.flex.cpp.obj
 0001:00004870       ?yy_scan_buffer@@YAPEAUyy_buffer_state@@PEAD_K@Z 0000000140005870 f   matrix.flex.cpp.obj
 0001:00004990       ?yy_scan_string@@YAPEAUyy_buffer_state@@PEBD@Z 0000000140005990 f   matrix.flex.cpp.obj
 0001:000049c0       ?yy_scan_bytes@@YAPEAUyy_buffer_state@@PEBD_K@Z 00000001400059c0 f   matrix.flex.cpp.obj
 0001:00004ac0       ?yyalloc@@YAPEAX_K@Z       0000000140005ac0 f   matrix.flex.cpp.obj
 0001:00004ae0       ?yyrealloc@@YAPEAXPEAX_K@Z 0000000140005ae0 f   matrix.flex.cpp.obj
 0001:00004b10       ?yyfree@@YAXPEAX@Z         0000000140005b10 f   matrix.flex.cpp.obj
 0001:00005430       ?yylex_destroy@@YAHXZ      0000000140006430 f   matrix.flex.cpp.obj
 0001:000054f0       ?yyget_debug@@YAHXZ        00000001400064f0 f   matrix.flex.cpp.obj
 0001:00005500       ?yyset_debug@@YAXH@Z       0000000140006500 f   matrix.flex.cpp.obj
 0001:00005520       ?yyget_in@@YAPEAU_iobuf@@XZ 0000000140006520 f   matrix.flex.cpp.obj
 0001:00005530       ?yyset_in@@YAXPEAU_iobuf@@@Z 0000000140006530 f   matrix.flex.cpp.obj
 0001:00005550       ?yyget_out@@YAPEAU_iobuf@@XZ 0000000140006550 f   matrix.flex.cpp.obj
 0001:00005560       ?yyset_out@@YAXPEAU_iobuf@@@Z 0000000140006560 f   matrix.flex.cpp.obj
 0001:00005580       ?yyget_leng@@YA_KXZ        0000000140006580 f   matrix.flex.cpp.obj
 0001:00005590       ?yyget_text@@YAPEADXZ      0000000140006590 f   matrix.flex.cpp.obj
 0001:000055a0       ?yyget_lineno@@YAHXZ       00000001400065a0 f   matrix.flex.cpp.obj
 0001:000055b0       ?yyset_lineno@@YAXH@Z      00000001400065b0 f   matrix.flex.cpp.obj
 0001:000055d0       yywrap                     00000001400065d0 f   matrix.flex.cpp.obj
 0001:000055e0       ?yylex@@YAHXZ              00000001400065e0 f   matrix.flex.cpp.obj
 0001:00005ed0       ?yyerror@@YAXPEAD@Z        0000000140006ed0 f   matrix.tab.cpp.obj
 0001:00005f10       ?yyparse@@YAHXZ            0000000140006f10 f   matrix.tab.cpp.obj
 0001:00008ae0       main                       0000000140009ae0 f   matrix.tab.cpp.obj
 0001:00008b30       ??0dim3@@QEAA@III@Z        0000000140009b30 f i matrix.tab.cpp.obj
 0001:000091e0       ??$__global__matrix_rot__constant__@N@@YAXPEANHH_K@Z 000000014000a1e0 f i matrixrot.cu.obj
 0001:00009220       ??$__global__matrix_rot__global__@N@@YAXPEAN0HH_K1@Z 000000014000a220 f i matrixrot.cu.obj
 0001:00009270       ??$__global__matrix_rot__texture__@N@@YAXPEANHH_K@Z 000000014000a270 f i matrixrot.cu.obj
 0001:000092b0       ??$__host__matrix_rot@N@@YAXUdim3@@0PEAU?$MATRIX@N@@1W4MEMORY@@22@Z 000000014000a2b0 f i matrixrot.cu.obj
 0001:0000b220       ??$__global__matrix_find_first_notzero__global__@N@@YAXPEANPEAHHHN_K@Z 000000014000c220 f i matrixgaussjordan.cu.obj
 0001:0000b270       ??$__global__matrix_find_first_notzero__texture__@N@@YAXPEAHHHN@Z 000000014000c270 f i matrixgaussjordan.cu.obj
 0001:0000b2b0       ??$__global__matrix_gaussjordanstep2__global__local__@N@@YAXPEAN00HHHH_K@Z 000000014000c2b0 f i matrixgaussjordan.cu.obj
 0001:0000b320       ??$__global__matrix_gaussjordanstep2__global__none__@N@@YAXPEAN00HHHH_K@Z 000000014000c320 f i matrixgaussjordan.cu.obj
 0001:0000b390       ??$__global__matrix_gaussjordanstep2__global__shared__@N@@YAXPEAN00HHHH_K@Z 000000014000c390 f i matrixgaussjordan.cu.obj
 0001:0000b400       ??$__global__matrix_gaussjordanstep2__texture__local__@N@@YAXPEAUuint4@@HHHH@Z 000000014000c400 f i matrixgaussjordan.cu.obj
 0001:0000b440       ??$__global__matrix_gaussjordanstep2__texture__none__@N@@YAXPEAUuint4@@HHHH@Z 000000014000c440 f i matrixgaussjordan.cu.obj
 0001:0000b480       ??$__global__matrix_gaussjordanstep2__texture__shared__@N@@YAXPEAUuint4@@HHHH@Z 000000014000c480 f i matrixgaussjordan.cu.obj
 0001:0000b4c0       ??$__global__matrix_gaussjordanstep__global__local__@N@@YAXPEAN0HHHH_K@Z 000000014000c4c0 f i matrixgaussjordan.cu.obj
 0001:0000b520       ??$__global__matrix_gaussjordanstep__global__none__@N@@YAXPEAN0HHHH_K@Z 000000014000c520 f i matrixgaussjordan.cu.obj
 0001:0000b580       ??$__global__matrix_gaussjordanstep__global__shared__@N@@YAXPEAN0HHHH_K@Z 000000014000c580 f i matrixgaussjordan.cu.obj
 0001:0000b5e0       ??$__global__matrix_gaussjordanstep__texture__local__@N@@YAXPEAUuint4@@HHHH@Z 000000014000c5e0 f i matrixgaussjordan.cu.obj
 0001:0000b620       ??$__global__matrix_gaussjordanstep__texture__none__@N@@YAXPEAUuint4@@HHHH@Z 000000014000c620 f i matrixgaussjordan.cu.obj
 0001:0000b660       ??$__global__matrix_gaussjordanstep__texture__shared__@N@@YAXPEAUuint4@@HHHH@Z 000000014000c660 f i matrixgaussjordan.cu.obj
 0001:0000b6a0       ??$__host__matrix_gaussjordan@N@@YAXUdim3@@0PEAU?$MATRIX@N@@1NW4MEMORY@@22@Z 000000014000c6a0 f i matrixgaussjordan.cu.obj
 0001:0000c410       ??$__host__matrix_gaussjordanstep@N@@YAXUdim3@@0PEAU?$MATRIX@N@@1HHW4MEMORY@@22@Z 000000014000d410 f i matrixgaussjordan.cu.obj
 0001:0000cdf0       ??$__host__matrix_inv@N@@YAXUdim3@@0PEAU?$MATRIX@N@@1NW4MEMORY@@22@Z 000000014000ddf0 f i matrixgaussjordan.cu.obj
 0001:0000e750       ?strempty@@YAHPEBD@Z       000000014000f750 f   matrixio.cpp.obj
 0001:0000e7b0       ?mystrtok@@YAPEADPEAPEADPEADD@Z 000000014000f7b0 f   matrixio.cpp.obj
 0001:0000e870       ??$matrix_read@N@@YAXPEADPEAPEAU?$MATRIX@N@@@Z 000000014000f870 f i matrixio.cpp.obj
 0001:0000ebb0       ??$matrix_write@N@@YAXPEADPEAU?$MATRIX@N@@@Z 000000014000fbb0 f i matrixio.cpp.obj
 0001:0000ecf0       ?strchr@@YAPEADPEADH@Z     000000014000fcf0 f i matrixio.cpp.obj
 0001:0000fed0       ??$__global__matrix_mul__constant__local__@N@@YAXPEANHHH_K@Z 0000000140010ed0 f i matrixmul.cu.obj
 0001:0000ff10       ??$__global__matrix_mul__constant__none__@N@@YAXPEANHHH_K@Z 0000000140010f10 f i matrixmul.cu.obj
 0001:0000ff50       ??$__global__matrix_mul__constant__shared__@N@@YAXPEANHHH_K@Z 0000000140010f50 f i matrixmul.cu.obj
 0001:0000ff90       ??$__global__matrix_mul__global__local__@N@@YAXPEAN00HHH_K11@Z 0000000140010f90 f i matrixmul.cu.obj
 0001:00010010       ??$__global__matrix_mul__global__none__@N@@YAXPEAN00HHH_K11@Z 0000000140011010 f i matrixmul.cu.obj
 0001:00010090       ??$__global__matrix_mul__global__shared__@N@@YAXPEAN00HHH_K11@Z 0000000140011090 f i matrixmul.cu.obj
 0001:00010110       ??$__global__matrix_mul__texture__local__@N@@YAXPEANHHH_K@Z 0000000140011110 f i matrixmul.cu.obj
 0001:00010150       ??$__global__matrix_mul__texture__none__@N@@YAXPEANHHH_K@Z 0000000140011150 f i matrixmul.cu.obj
 0001:00010190       ??$__global__matrix_mul__texture__shared__@N@@YAXPEANHHH_K@Z 0000000140011190 f i matrixmul.cu.obj
 0001:000101d0       ??$__host__matrix_mul@N@@YAXUdim3@@0PEAU?$MATRIX@N@@11W4MEMORY@@22@Z 00000001400111d0 f i matrixmul.cu.obj
 0001:00010fe0       ??$cudaBindTexture@Uuint4@@$00$0A@@_GLOBAL__N__44_tmpxft_00002548_00000000_5_matrixadd_cpp1_ii_d2dc6ba5@@YA?AW4cudaError@@PEA_KAEBU?$texture@Uuint4@@$00$0A@@@PEBXAEBUcudaChannelFormatDesc@@_K@Z 0000000140011fe0 f i matrixadd.cu.obj
 0001:00010fe0       ??$cudaBindTexture@Uuint4@@$00$0A@@_GLOBAL__N__44_tmpxft_00000ea0_00000000_5_matrixmul_cpp1_ii_eaddd514@@YA?AW4cudaError@@PEA_KAEBU?$texture@Uuint4@@$00$0A@@@PEBXAEBUcudaChannelFormatDesc@@_K@Z 0000000140011fe0 f i matrixmul.cu.obj
 0001:00010fe0       ??$cudaBindTexture@Uuint4@@$00$0A@@_GLOBAL__N__45_tmpxft_00000ea0_00000000_5_matrixplus_cpp1_ii_27299201@@YA?AW4cudaError@@PEA_KAEBU?$texture@Uuint4@@$00$0A@@@PEBXAEBUcudaChannelFormatDesc@@_K@Z 0000000140011fe0 f i matrixplus.cu.obj
 0001:00010fe0       ??$cudaBindTexture@Uuint4@@$00$0A@@_GLOBAL__N__52_tmpxft_00002754_00000000_5_matrixgaussjordan_cpp1_ii_15567624@@YA?AW4cudaError@@PEA_KAEBU?$texture@Uuint4@@$00$0A@@@PEBXAEBUcudaChannelFormatDesc@@_K@Z 0000000140011fe0 f i matrixgaussjordan.cu.obj
 0001:00010fe0       ??$cudaBindTexture@Uuint4@@$00$0A@@_GLOBAL__N__46_tmpxft_00002528_00000000_5_matrixminus_cpp1_ii_58ec4399@@YA?AW4cudaError@@PEA_KAEBU?$texture@Uuint4@@$00$0A@@@PEBXAEBUcudaChannelFormatDesc@@_K@Z 0000000140011fe0 f i matrixminus.cu.obj
 0001:00010fe0       ??$cudaBindTexture@Uuint4@@$00$0A@@_GLOBAL__N__44_tmpxft_00001bb0_00000000_5_matrixsub_cpp1_ii_9a4763b0@@YA?AW4cudaError@@PEA_KAEBU?$texture@Uuint4@@$00$0A@@@PEBXAEBUcudaChannelFormatDesc@@_K@Z 0000000140011fe0 f i matrixsub.cu.obj
 0001:00010fe0       ??$cudaBindTexture@Uuint4@@$00$0A@@_GLOBAL__N__44_tmpxft_000018b4_00000000_5_matrixrot_cpp1_ii_cf3e02a0@@YA?AW4cudaError@@PEA_KAEBU?$texture@Uuint4@@$00$0A@@@PEBXAEBUcudaChannelFormatDesc@@_K@Z 0000000140011fe0 f i matrixrot.cu.obj
 0001:00011020       ??$cudaBindTexture@Uuint4@@$00$0A@@_GLOBAL__N__45_tmpxft_00000ea0_00000000_5_matrixplus_cpp1_ii_27299201@@YA?AW4cudaError@@PEA_KAEBU?$texture@Uuint4@@$00$0A@@@PEBX_K@Z 0000000140012020 f i matrixplus.cu.obj
 0001:00011020       ??$cudaBindTexture@Uuint4@@$00$0A@@_GLOBAL__N__44_tmpxft_000018b4_00000000_5_matrixrot_cpp1_ii_cf3e02a0@@YA?AW4cudaError@@PEA_KAEBU?$texture@Uuint4@@$00$0A@@@PEBX_K@Z 0000000140012020 f i matrixrot.cu.obj
 0001:00011020       ??$cudaBindTexture@Uuint4@@$00$0A@@_GLOBAL__N__44_tmpxft_00001bb0_00000000_5_matrixsub_cpp1_ii_9a4763b0@@YA?AW4cudaError@@PEA_KAEBU?$texture@Uuint4@@$00$0A@@@PEBX_K@Z 0000000140012020 f i matrixsub.cu.obj
 0001:00011020       ??$cudaBindTexture@Uuint4@@$00$0A@@_GLOBAL__N__46_tmpxft_00002528_00000000_5_matrixminus_cpp1_ii_58ec4399@@YA?AW4cudaError@@PEA_KAEBU?$texture@Uuint4@@$00$0A@@@PEBX_K@Z 0000000140012020 f i matrixminus.cu.obj
 0001:00011020       ??$cudaBindTexture@Uuint4@@$00$0A@@_GLOBAL__N__52_tmpxft_00002754_00000000_5_matrixgaussjordan_cpp1_ii_15567624@@YA?AW4cudaError@@PEA_KAEBU?$texture@Uuint4@@$00$0A@@@PEBX_K@Z 0000000140012020 f i matrixgaussjordan.cu.obj
 0001:00011020       ??$cudaBindTexture@Uuint4@@$00$0A@@_GLOBAL__N__44_tmpxft_00000ea0_00000000_5_matrixmul_cpp1_ii_eaddd514@@YA?AW4cudaError@@PEA_KAEBU?$texture@Uuint4@@$00$0A@@@PEBX_K@Z 0000000140012020 f i matrixmul.cu.obj
 0001:00011020       ??$cudaBindTexture@Uuint4@@$00$0A@@_GLOBAL__N__44_tmpxft_00002548_00000000_5_matrixadd_cpp1_ii_d2dc6ba5@@YA?AW4cudaError@@PEA_KAEBU?$texture@Uuint4@@$00$0A@@@PEBX_K@Z 0000000140012020 f i matrixadd.cu.obj
 0001:00011070       ??$cudaLaunch@D@_GLOBAL__N__44_tmpxft_00002548_00000000_5_matrixadd_cpp1_ii_d2dc6ba5@@YA?AW4cudaError@@PEAD@Z 0000000140012070 f i matrixadd.cu.obj
 0001:00011070       ??$cudaLaunch@D@_GLOBAL__N__52_tmpxft_00002754_00000000_5_matrixgaussjordan_cpp1_ii_15567624@@YA?AW4cudaError@@PEAD@Z 0000000140012070 f i matrixgaussjordan.cu.obj
 0001:00011070       ??$cudaLaunch@D@_GLOBAL__N__44_tmpxft_00001bb0_00000000_5_matrixsub_cpp1_ii_9a4763b0@@YA?AW4cudaError@@PEAD@Z 0000000140012070 f i matrixsub.cu.obj
 0001:00011070       ??$cudaLaunch@D@_GLOBAL__N__45_tmpxft_00000ea0_00000000_5_matrixplus_cpp1_ii_27299201@@YA?AW4cudaError@@PEAD@Z 0000000140012070 f i matrixplus.cu.obj
 0001:00011070       ??$cudaLaunch@D@_GLOBAL__N__46_tmpxft_00002528_00000000_5_matrixminus_cpp1_ii_58ec4399@@YA?AW4cudaError@@PEAD@Z 0000000140012070 f i matrixminus.cu.obj
 0001:00011070       ??$cudaLaunch@D@_GLOBAL__N__44_tmpxft_00000ea0_00000000_5_matrixmul_cpp1_ii_eaddd514@@YA?AW4cudaError@@PEAD@Z 0000000140012070 f i matrixmul.cu.obj
 0001:00011070       ??$cudaLaunch@D@_GLOBAL__N__44_tmpxft_000018b4_00000000_5_matrixrot_cpp1_ii_cf3e02a0@@YA?AW4cudaError@@PEAD@Z 0000000140012070 f i matrixrot.cu.obj
 0001:00011090       ??$cudaUnbindTexture@Uuint4@@$00$0A@@_GLOBAL__N__45_tmpxft_00000ea0_00000000_5_matrixplus_cpp1_ii_27299201@@YA?AW4cudaError@@AEBU?$texture@Uuint4@@$00$0A@@@@Z 0000000140012090 f i matrixplus.cu.obj
 0001:00011090       ??$cudaUnbindTexture@Uuint4@@$00$0A@@_GLOBAL__N__44_tmpxft_000018b4_00000000_5_matrixrot_cpp1_ii_cf3e02a0@@YA?AW4cudaError@@AEBU?$texture@Uuint4@@$00$0A@@@@Z 0000000140012090 f i matrixrot.cu.obj
 0001:00011090       ??$cudaUnbindTexture@Uuint4@@$00$0A@@_GLOBAL__N__44_tmpxft_00001bb0_00000000_5_matrixsub_cpp1_ii_9a4763b0@@YA?AW4cudaError@@AEBU?$texture@Uuint4@@$00$0A@@@@Z 0000000140012090 f i matrixsub.cu.obj
 0001:00011090       ??$cudaUnbindTexture@Uuint4@@$00$0A@@_GLOBAL__N__52_tmpxft_00002754_00000000_5_matrixgaussjordan_cpp1_ii_15567624@@YA?AW4cudaError@@AEBU?$texture@Uuint4@@$00$0A@@@@Z 0000000140012090 f i matrixgaussjordan.cu.obj
 0001:00011090       ??$cudaUnbindTexture@Uuint4@@$00$0A@@_GLOBAL__N__44_tmpxft_00002548_00000000_5_matrixadd_cpp1_ii_d2dc6ba5@@YA?AW4cudaError@@AEBU?$texture@Uuint4@@$00$0A@@@@Z 0000000140012090 f i matrixadd.cu.obj
 0001:00011090       ??$cudaUnbindTexture@Uuint4@@$00$0A@@_GLOBAL__N__46_tmpxft_00002528_00000000_5_matrixminus_cpp1_ii_58ec4399@@YA?AW4cudaError@@AEBU?$texture@Uuint4@@$00$0A@@@@Z 0000000140012090 f i matrixminus.cu.obj
 0001:00011090       ??$cudaUnbindTexture@Uuint4@@$00$0A@@_GLOBAL__N__44_tmpxft_00000ea0_00000000_5_matrixmul_cpp1_ii_eaddd514@@YA?AW4cudaError@@AEBU?$texture@Uuint4@@$00$0A@@@@Z 0000000140012090 f i matrixmul.cu.obj
 0001:000110a8       cudaCreateChannelDesc      00000001400120a8 f   cudart:cudart64_55.dll
 0001:000110ae       __cudaRegisterFatBinary    00000001400120ae f   cudart:cudart64_55.dll
 0001:000110b4       __cudaUnregisterFatBinary  00000001400120b4 f   cudart:cudart64_55.dll
 0001:000110ba       __cudaRegisterVar          00000001400120ba f   cudart:cudart64_55.dll
 0001:000110c0       __cudaRegisterTexture      00000001400120c0 f   cudart:cudart64_55.dll
 0001:000110c6       cudaFree                   00000001400120c6 f   cudart:cudart64_55.dll
 0001:000110cc       cudaMalloc                 00000001400120cc f   cudart:cudart64_55.dll
 0001:000110d2       cudaConfigureCall          00000001400120d2 f   cudart:cudart64_55.dll
 0001:000110d8       cudaSetupArgument          00000001400120d8 f   cudart:cudart64_55.dll
 0001:000110de       cudaLaunch                 00000001400120de f   cudart:cudart64_55.dll
 0001:000110e4       cudaMallocHost             00000001400120e4 f   cudart:cudart64_55.dll
 0001:000110ea       cudaMallocPitch            00000001400120ea f   cudart:cudart64_55.dll
 0001:000110f0       cudaFreeHost               00000001400120f0 f   cudart:cudart64_55.dll
 0001:000110f6       cudaMemcpy                 00000001400120f6 f   cudart:cudart64_55.dll
 0001:000110fc       cudaMemcpy2D               00000001400120fc f   cudart:cudart64_55.dll
 0001:00011102       cudaMemcpyToSymbol         0000000140012102 f   cudart:cudart64_55.dll
 0001:00011108       cudaBindTexture            0000000140012108 f   cudart:cudart64_55.dll
 0001:0001110e       cudaUnbindTexture          000000014001210e f   cudart:cudart64_55.dll
 0001:00011114       __cudaRegisterFunction     0000000140012114 f   cudart:cudart64_55.dll
 0001:0001111a       cudaDeviceReset            000000014001211a f   cudart:cudart64_55.dll
 0001:00011120       cudaGetDeviceCount         0000000140012120 f   cudart:cudart64_55.dll
 0001:00011126       cudaGetDeviceProperties    0000000140012126 f   cudart:cudart64_55.dll
 0001:0001112c       __onexitinit               000000014001212c f   LIBCMT:onexit.obj
 0001:00011170       _onexit                    0000000140012170 f   LIBCMT:onexit.obj
 0001:0001127c       atexit                     000000014001227c f   LIBCMT:onexit.obj
 0001:000112b0       memmove                    00000001400122b0     LIBCMT:memcpy.obj
 0001:000112b0       memcpy                     00000001400122b0 f   LIBCMT:memcpy.obj
 0001:000117b0       strlen                     00000001400127b0 f   LIBCMT:strlen.obj
 0001:00011860       sin                        0000000140012860 f   LIBCMT:sin.obj
 0001:00011cf0       cos                        0000000140012cf0 f   LIBCMT:cos.obj
 0001:00012180       log                        0000000140013180 f   LIBCMT:log.obj
 0001:00012440       exp                        0000000140013440 f   LIBCMT:exp.obj
 0001:000126e0       pow                        00000001400136e0 f   LIBCMT:pow.obj
 0001:000132a0       cosf                       00000001400142a0 f   LIBCMT:cosf.obj
 0001:000135a0       sinf                       00000001400145a0 f   LIBCMT:sinf.obj
 0001:00013920       expf                       0000000140014920 f   LIBCMT:expf.obj
 0001:00013a80       logf                       0000000140014a80 f   LIBCMT:logf.obj
 0001:00013ce0       log10f                     0000000140014ce0 f   LIBCMT:log10f.obj
 0001:00013f70       powf                       0000000140014f70 f   LIBCMT:powf.obj
 0001:000147a0       __GSHandlerCheck           00000001400157a0 f   LIBCMT:gshandler.obj
 0001:000147c0       __GSHandlerCheckCommon     00000001400157c0 f   LIBCMT:gshandler.obj
 0001:00014840       __security_check_cookie    0000000140015840 f   LIBCMT:amdsecgs.obj
 0001:00014860       _fpmath                    0000000140015860 f   LIBCMT:fpinit.obj
 0001:00014868       _cfltcvt_init              0000000140015868 f   LIBCMT:fpinit.obj
 0001:000148f0       __initstdio                00000001400158f0 f   LIBCMT:_file.obj
 0001:00014988       __endstdio                 0000000140015988 f   LIBCMT:_file.obj
 0001:000149b8       __iob_func                 00000001400159b8 f   LIBCMT:_file.obj
 0001:000149c0       _lock_file                 00000001400159c0 f   LIBCMT:_file.obj
 0001:00014a28       _lock_file2                0000000140015a28 f   LIBCMT:_file.obj
 0001:00014a5c       _unlock_file               0000000140015a5c f   LIBCMT:_file.obj
 0001:00014aac       _unlock_file2              0000000140015aac f   LIBCMT:_file.obj
 0001:00014acc       clearerr                   0000000140015acc f   LIBCMT:clearerr.obj
 0001:00014ad4       clearerr_s                 0000000140015ad4 f   LIBCMT:clearerr.obj
 0001:00014b88       ferror                     0000000140015b88 f   LIBCMT:feoferr.obj
 0001:00014bb0       _fileno                    0000000140015bb0 f   LIBCMT:fileno.obj
 0001:00014bd8       fprintf                    0000000140015bd8 f   LIBCMT:fprintf.obj
 0001:00014d00       _fread_nolock_s            0000000140015d00 f   LIBCMT:fread.obj
 0001:00014f20       fread                      0000000140015f20 f   LIBCMT:fread.obj
 0001:00014f40       fread_s                    0000000140015f40 f   LIBCMT:fread.obj
 0001:00014fe8       _fwrite_nolock             0000000140015fe8 f   LIBCMT:fwrite.obj
 0001:00015178       fwrite                     0000000140016178 f   LIBCMT:fwrite.obj
 0001:00015208       getc                       0000000140016208 f   LIBCMT:fgetc.obj
 0001:00015320       memset                     0000000140016320 f   LIBCMT:memset.obj
 0001:00015440       strncpy                    0000000140016440 f   LIBCMT:strncpy.obj
 0001:000155a4       __doserrno                 00000001400165a4 f   LIBCMT:dosmap.obj
 0001:000155c4       _dosmaperr                 00000001400165c4 f   LIBCMT:dosmap.obj
 0001:00015614       _errno                     0000000140016614 f   LIBCMT:dosmap.obj
 0001:00015634       _get_errno_from_oserr      0000000140016634 f   LIBCMT:dosmap.obj
 0001:00015684       __copy_path_to_wide_string 0000000140016684 f   LIBCMT:crt0dat.obj
 0001:00015784       __crtCorExitProcess        0000000140016784 f   LIBCMT:crt0dat.obj
 0001:000157c8       __crtExitProcess           00000001400167c8 f   LIBCMT:crt0dat.obj
 0001:000157e0       _amsg_exit                 00000001400167e0 f   LIBCMT:crt0dat.obj
 0001:00015808       _c_exit                    0000000140016808 f   LIBCMT:crt0dat.obj
 0001:00015818       _cexit                     0000000140016818 f   LIBCMT:crt0dat.obj
 0001:00015828       _cinit                     0000000140016828 f   LIBCMT:crt0dat.obj
 0001:000158d8       _exit                      00000001400168d8 f   LIBCMT:crt0dat.obj
 0001:000158e4       _init_pointers             00000001400168e4 f   LIBCMT:crt0dat.obj
 0001:00015964       _initterm_e                0000000140016964 f   LIBCMT:crt0dat.obj
 0001:000159a0       _lockexit                  00000001400169a0 f   LIBCMT:crt0dat.obj
 0001:000159ac       _unlockexit                00000001400169ac f   LIBCMT:crt0dat.obj
 0001:00015b50       exit                       0000000140016b50 f   LIBCMT:crt0dat.obj
 0001:00015b5c       ??0_LocaleUpdate@@QEAA@PEAUlocaleinfo_struct@@@Z 0000000140016b5c f i LIBCMT:atof.obj
 0001:00015c04       _atof_l                    0000000140016c04 f   LIBCMT:atof.obj
 0001:00015cc0       atof                       0000000140016cc0 f   LIBCMT:atof.obj
 0001:00015cc8       atoi                       0000000140016cc8 f   LIBCMT:atox.obj
 0001:00015cd4       free                       0000000140016cd4 f   LIBCMT:free.obj
 0001:00015d14       malloc                     0000000140016d14 f   LIBCMT:malloc.obj
 0001:00015dcc       realloc                    0000000140016dcc f   LIBCMT:realloc.obj
 0001:00015ea0       _isatty                    0000000140016ea0 f   LIBCMT:isatty.obj
 0001:00015f00       _fflush_nolock             0000000140016f00 f   LIBCMT:fflush.obj
 0001:00015f4c       _flush                     0000000140016f4c f   LIBCMT:fflush.obj
 0001:00015fc8       _flushall                  0000000140016fc8 f   LIBCMT:fflush.obj
 0001:00015fd4       fflush                     0000000140016fd4 f   LIBCMT:fflush.obj
 0001:00016100       _get_printf_count_output   0000000140017100 f   LIBCMT:printf.obj
 0001:00016118       printf                     0000000140017118 f   LIBCMT:printf.obj
 0001:000161c4       _fclose_nolock             00000001400171c4 f   LIBCMT:fclose.obj
 0001:00016240       fclose                     0000000140017240 f   LIBCMT:fclose.obj
 0001:000162a8       fgets                      00000001400172a8 f   LIBCMT:fgets.obj
 0001:00016408       _fsopen                    0000000140017408 f   LIBCMT:fopen.obj
 0001:000164e0       fopen                      00000001400174e0 f   LIBCMT:fopen.obj
 0001:000164ec       _fseek_nolock              00000001400174ec f   LIBCMT:fseek.obj
 0001:00016598       fseek                      0000000140017598 f   LIBCMT:fseek.obj
 0001:0001660c       strchr                     000000014001760c f   LIBCMT:strchr.obj
 0001:00016698       isdigit                    0000000140017698 f i LIBCMT:_ctype.obj
 0001:00016714       isspace                    0000000140017714 f i LIBCMT:_ctype.obj
 0001:000167a0       __chkstk                   00000001400177a0 f   LIBCMT:chkstk.obj
 0001:000167a0       _alloca_probe              00000001400177a0     LIBCMT:chkstk.obj
 0001:0001699c       mainCRTStartup             000000014001799c f   LIBCMT:crt0.obj
 0001:000169b0       _FF_MSGBANNER              00000001400179b0 f   LIBCMT:crt0msg.obj
 0001:000169f4       _GET_RTERRMSG              00000001400179f4 f   LIBCMT:crt0msg.obj
 0001:00016a24       _NMSG_WRITE                0000000140017a24 f   LIBCMT:crt0msg.obj
 0001:00016c94       abort                      0000000140017c94 f   LIBCMT:abort.obj
 0001:00016cec       _initp_misc_purevirt       0000000140017cec f   LIBCMT:inithelp.obj
 0001:00016cf4       _callnewh                  0000000140017cf4 f   LIBCMT:handler.obj
 0001:00016d28       _initp_heap_handler        0000000140017d28 f   LIBCMT:handler.obj
 0001:00016d30       _msize                     0000000140017d30 f   LIBCMT:msize.obj
 0001:00016d6c       _calloc_crt                0000000140017d6c f   LIBCMT:crtheap.obj
 0001:00016dec       _malloc_crt                0000000140017dec f   LIBCMT:crtheap.obj
 0001:00016e68       _realloc_crt               0000000140017e68 f   LIBCMT:crtheap.obj
 0001:00016eec       __C_specific_handler       0000000140017eec f   LIBCMT:chandler.obj
 0001:000170cc       __isa_available_init       00000001400180cc f   LIBCMT:cpu_disp.obj
 0001:000171d4       _raise_exc                 00000001400181d4 f   LIBCMT:fpexcept.obj
 0001:000171fc       _raise_exc_ex              00000001400181fc f   LIBCMT:fpexcept.obj
 0001:00017500       _raise_excf                0000000140018500 f   LIBCMT:fpexcept.obj
 0001:0001752c       _set_errno_from_matherr    000000014001852c f   LIBCMT:fpexcept.obj
 0001:0001755c       _clrfp                     000000014001855c f   LIBCMT:fpctrl.obj
 0001:0001757c       _ctrlfp                    000000014001857c f   LIBCMT:fpctrl.obj
 0001:000175f8       _set_statfp                00000001400185f8 f   LIBCMT:fpctrl.obj
 0001:00017618       _statfp                    0000000140018618 f   LIBCMT:fpctrl.obj
 0001:00017630       __remainder_piby2          0000000140018630 f   LIBCMT:remainder_piby2.obj
 0001:00017b08       _cos_special               0000000140018b08 f   LIBCMT:sincos_special.obj
 0001:00017b1c       _cosf_special              0000000140018b1c f   LIBCMT:sincos_special.obj
 0001:00017b30       _sin_special               0000000140018b30 f   LIBCMT:sincos_special.obj
 0001:00017b44       _sincos_special            0000000140018b44 f   LIBCMT:sincos_special.obj
 0001:00017c18       _sincosf_special           0000000140018c18 f   LIBCMT:sincos_special.obj
 0001:00017cb4       _sinf_special              0000000140018cb4 f   LIBCMT:sincos_special.obj
 0001:00017dec       _handle_error              0000000140018dec f   LIBCMT:libm_error.obj
 0001:00017f14       _handle_errorf             0000000140018f14 f   LIBCMT:libm_error.obj
 0001:00018048       _log10f_special            0000000140019048 f   LIBCMT:log_special.obj
 0001:00018068       _log_special               0000000140019068 f   LIBCMT:log_special.obj
 0001:00018154       _logf_special              0000000140019154 f   LIBCMT:log_special.obj
 0001:00018290       _exp_special               0000000140019290 f   LIBCMT:exp_special.obj
 0001:00018360       _expf_special              0000000140019360 f   LIBCMT:exp_special.obj
 0001:00018440       _call_reportfault          0000000140019440 f   LIBCMT:invarg.obj
 0001:00018534       _initp_misc_invarg         0000000140019534 f   LIBCMT:invarg.obj
 0001:0001853c       _invalid_parameter         000000014001953c f   LIBCMT:invarg.obj
 0001:000185a4       _invalid_parameter_noinfo  00000001400195a4 f   LIBCMT:invarg.obj
 0001:000185c4       _invoke_watson             00000001400195c4 f   LIBCMT:invarg.obj
 0001:00018600       _pow_special               0000000140019600 f   LIBCMT:pow_special.obj
 0001:00018700       _powf_special              0000000140019700 f   LIBCMT:pow_special.obj
 0001:00018828       __remainder_piby2f         0000000140019828 f   LIBCMT:remainder_piby2f.obj
 0001:00018aa0       _freefls                   0000000140019aa0 f   LIBCMT:tidtable.obj
 0001:00018bd4       _getptd                    0000000140019bd4 f   LIBCMT:tidtable.obj
 0001:00018bf8       _getptd_noexit             0000000140019bf8 f   LIBCMT:tidtable.obj
 0001:00018c7c       _initptd                   0000000140019c7c f   LIBCMT:tidtable.obj
 0001:00018d40       _mtinit                    0000000140019d40 f   LIBCMT:tidtable.obj
 0001:00018dc0       _mtterm                    0000000140019dc0 f   LIBCMT:tidtable.obj
 0001:00018de4       __DestructExceptionObject  0000000140019de4 f   LIBCMT:frame.obj
 0001:00018e54       ?terminate@@YAXXZ          0000000140019e54 f   LIBCMT:hooks.obj
 0001:00018e74       _initp_eh_hooks            0000000140019e74 f   LIBCMT:hooks.obj
 0001:00018e94       __raise_securityfailure    0000000140019e94 f   LIBCMT:gs_report.obj
 0001:00018ee0       __report_gsfailure         0000000140019ee0 f   LIBCMT:gs_report.obj
 0001:00018fd0       strcmp                     0000000140019fd0 f   LIBCMT:strcmp.obj
 0001:00019038       _cfltcvt                   000000014001a038 f   LIBCMT:cvt.obj
 0001:0001905c       _cfltcvt_l                 000000014001a05c f   LIBCMT:cvt.obj
 0001:000190dc       _cftoa_l                   000000014001a0dc f   LIBCMT:cvt.obj
 0001:00019688       _cftoe_l                   000000014001a688 f   LIBCMT:cvt.obj
 0001:000198e4       _cftof_l                   000000014001a8e4 f   LIBCMT:cvt.obj
 0001:000199b8       _cftog_l                   000000014001a9b8 f   LIBCMT:cvt.obj
 0001:00019aec       _cropzeros                 000000014001aaec f   LIBCMT:cvt.obj
 0001:00019af4       _cropzeros_l               000000014001aaf4 f   LIBCMT:cvt.obj
 0001:00019b8c       _fassign                   000000014001ab8c f   LIBCMT:cvt.obj
 0001:00019b94       _fassign_l                 000000014001ab94 f   LIBCMT:cvt.obj
 0001:00019bd4       _forcdecpt                 000000014001abd4 f   LIBCMT:cvt.obj
 0001:00019bdc       _forcdecpt_l               000000014001abdc f   LIBCMT:cvt.obj
 0001:00019c5c       _positive                  000000014001ac5c f   LIBCMT:cvt.obj
 0001:00019c70       _initp_misc_cfltcvt_tab    000000014001ac70 f   LIBCMT:cmiscdat.obj
 0001:00019cac       _fcloseall                 000000014001acac f   LIBCMT:closeall.obj
 0001:00019d54       _lock                      000000014001ad54 f   LIBCMT:mlock.obj
 0001:00019d98       _mtdeletelocks             000000014001ad98 f   LIBCMT:mlock.obj
 0001:00019e20       _mtinitlocknum             000000014001ae20 f   LIBCMT:mlock.obj
 0001:00019edc       _mtinitlocks               000000014001aedc f   LIBCMT:mlock.obj
 0001:00019f3c       _unlock                    000000014001af3c f   LIBCMT:mlock.obj
 0001:00019f54       _ioinit                    000000014001af54 f   LIBCMT:ioinit.obj
 0001:0001a280       _ftbuf                     000000014001b280 f   LIBCMT:_sftbuf.obj
 0001:0001a2b8       _stbuf                     000000014001b2b8 f   LIBCMT:_sftbuf.obj
 0001:0001a388       _output_l                  000000014001b388 f   LIBCMT:output.obj
 0001:0001aed8       _filbuf                    000000014001bed8 f   LIBCMT:_filbuf.obj
 0001:0001b01c       memcpy_s                   000000014001c01c f   LIBCMT:memcpy_s.obj
 0001:0001b0a4       _read                      000000014001c0a4 f   LIBCMT:read.obj
 0001:0001b1c0       _read_nolock               000000014001c1c0 f   LIBCMT:read.obj
 0001:0001ba24       _flsbuf                    000000014001ca24 f   LIBCMT:_flsbuf.obj
 0001:0001bbb0       _write                     000000014001cbb0 f   LIBCMT:write.obj
 0001:0001bc90       _write_nolock              000000014001cc90 f   LIBCMT:write.obj
 0001:0001c3cc       _RTC_Initialize            000000014001d3cc f   LIBCMT:initsect.obj
 0001:0001c404       _RTC_Terminate             000000014001d404 f   LIBCMT:initsect.obj
 0001:0001c43c       __crtCaptureCurrentContext 000000014001d43c f   LIBCMT:winapisupp.obj
 0001:0001c4ac       __crtCapturePreviousContext 000000014001d4ac f   LIBCMT:winapisupp.obj
 0001:0001c520       __crtFlsAlloc              000000014001d520 f   LIBCMT:winapisupp.obj
 0001:0001c53c       __crtFlsFree               000000014001d53c f   LIBCMT:winapisupp.obj
 0001:0001c558       __crtFlsGetValue           000000014001d558 f   LIBCMT:winapisupp.obj
 0001:0001c574       __crtFlsSetValue           000000014001d574 f   LIBCMT:winapisupp.obj
 0001:0001c590       __crtIsPackagedApp         000000014001d590 f   LIBCMT:winapisupp.obj
 0001:0001c5dc       __crtLoadWinApiPointers    000000014001d5dc f   LIBCMT:winapisupp.obj
 0001:0001c960       __crtSetUnhandledExceptionFilter 000000014001d960 f   LIBCMT:winapisupp.obj
 0001:0001c968       __crtTerminateProcess      000000014001d968 f   LIBCMT:winapisupp.obj
 0001:0001c988       __crtUnhandledException    000000014001d988 f   LIBCMT:winapisupp.obj
 0001:0001c9b0       _FindPESection             000000014001d9b0 f   LIBCMT:pesect.obj
 0001:0001ca00       _IsNonwritableInCurrentImage 000000014001da00 f   LIBCMT:pesect.obj
 0001:0001ca50       _ValidateImageBase         000000014001da50 f   LIBCMT:pesect.obj
 0001:0001ca80       _initp_misc_rand_s         000000014001da80 f   LIBCMT:rand_s.obj
 0001:0001ca88       __get_sigabrt              000000014001da88 f   LIBCMT:winsig.obj
 0001:0001ca98       _initp_misc_winsig         000000014001da98 f   LIBCMT:winsig.obj
 0001:0001cab8       raise                      000000014001dab8 f   LIBCMT:winsig.obj
 0001:0001ccdc       __initmbctable             000000014001dcdc f   LIBCMT:mbctype.obj
 0001:0001cff8       __updatetmbcinfo           000000014001dff8 f   LIBCMT:mbctype.obj
 0001:0001d0b4       _setmbcp                   000000014001e0b4 f   LIBCMT:mbctype.obj
 0001:0001d310       _setmbcp_nolock            000000014001e310 f   LIBCMT:mbctype.obj
 0001:0001d5c0       _fltin2                    000000014001e5c0 f   LIBCMT:cfin.obj
 0001:0001d684       __strgtold12_l             000000014001e684 f   LIBCMT:strgtold.obj
 0001:0001ded8       __addlocaleref             000000014001eed8 f   LIBCMT:localref.obj
 0001:0001df64       __freetlocinfo             000000014001ef64 f   LIBCMT:localref.obj
 0001:0001e0fc       __removelocaleref          000000014001f0fc f   LIBCMT:localref.obj
 0001:0001e1a0       __updatetlocinfo           000000014001f1a0 f   LIBCMT:localref.obj
 0001:0001e218       _updatetlocinfoEx_nolock   000000014001f218 f   LIBCMT:localref.obj
 0001:0001e27c       _isctype_l                 000000014001f27c f   LIBCMT:isctype.obj
 0001:0001e594       strtol                     000000014001f594 f   LIBCMT:strtol.obj
 0001:0001e5c4       _heap_init                 000000014001f5c4 f   LIBCMT:heapinit.obj
 0001:0001e5e4       _commit                    000000014001f5e4 f   LIBCMT:commit.obj
 0001:0001e6bc       _close                     000000014001f6bc f   LIBCMT:close.obj
 0001:0001e780       _close_nolock              000000014001f780 f   LIBCMT:close.obj
 0001:0001e83c       _freebuf                   000000014001f83c f   LIBCMT:_freebuf.obj
 0001:0001e874       _getstream                 000000014001f874 f   LIBCMT:stream.obj
 0001:0001e9a8       _openfile                  000000014001f9a8 f   LIBCMT:_open.obj
 0001:0001ec80       _local_unwind              000000014001fc80 f   LIBCMT:jmpuwind.obj
 0001:0001ecb0       _NLG_Notify                000000014001fcb0 f   LIBCMT:jmpuwind.obj
 0001:0001ecd0       __NLG_Dispatch2            000000014001fcd0 f   LIBCMT:jmpuwind.obj
 0001:0001ece0       __NLG_Return2              000000014001fce0 f   LIBCMT:jmpuwind.obj
 0001:0001ece4       _ftell_nolock              000000014001fce4 f   LIBCMT:ftell.obj
 0001:0001efd8       _lseek                     000000014001ffd8 f   LIBCMT:lseek.obj
 0001:0001f0b8       _lseek_nolock              00000001400200b8 f   LIBCMT:lseek.obj
 0001:0001f150       _locterm                   0000000140020150 f   LIBCMT:wsetloca.obj
 0001:0001f198       ?__CxxUnhandledExceptionFilter@@YAJPEAU_EXCEPTION_POINTERS@@@Z 0000000140020198 f   LIBCMT:unhandld.obj
 0001:0001f1d0       __CxxSetUnhandledExceptionFilter 00000001400201d0 f   LIBCMT:unhandld.obj
 0001:0001f1e8       _XcptFilter                00000001400201e8 f   LIBCMT:winxfltr.obj
 0001:0001f3b4       _setargv                   00000001400203b4 f   LIBCMT:stdargv.obj
 0001:0001f670       _setenvp                   0000000140020670 f   LIBCMT:stdenvp.obj
 0001:0001f7a4       __set_app_type             00000001400207a4 f   LIBCMT:errmode.obj
 0001:0001f7ac       _set_error_mode            00000001400207ac f   LIBCMT:errmode.obj
 0001:0001f7ec       __security_init_cookie     00000001400207ec f   LIBCMT:gs_support.obj
 0001:0001f898       __crtGetEnvironmentStringsA 0000000140020898 f   LIBCMT:a_env.obj
 0001:0001f98c       strcpy_s                   000000014002098c f   LIBCMT:strcpy_s.obj
 0001:0001f9f0       wcscat_s                   00000001400209f0 f   LIBCMT:wcscat_s.obj
 0001:0001fa78       wcscpy_s                   0000000140020a78 f   LIBCMT:wcscpy_s.obj
 0001:0001fae4       wcslen                     0000000140020ae4 f   LIBCMT:wcslen.obj
 0001:0001fb00       wcsncpy_s                  0000000140020b00 f   LIBCMT:wcsncpy_s.obj
 0001:0001fbcc       __crtMessageBoxW           0000000140020bcc f   LIBCMT:crtmboxw.obj
 0001:0001fe3c       GetTableIndexFromLocaleName 0000000140020e3c f   LIBCMT:winapinls.obj
 0001:0001fec8       __crtDownlevelLocaleNameToLCID 0000000140020ec8 f   LIBCMT:winapinls.obj
 0001:0001fefc       __crtLCMapStringEx         0000000140020efc f   LIBCMT:winapinls.obj
 0001:0001ff8c       __wcsnicmp_ascii           0000000140020f8c f   LIBCMT:winapinls.obj
 0001:0001ffe4       _calloc_impl               0000000140020fe4 f   LIBCMT:calloc_impl.obj
 0001:00020080       _matherr                   0000000140021080 f   LIBCMT:matherr.obj
 0001:000200a0       _get_fpsr                  00000001400210a0 f   LIBCMT:fpsr.obj
 0001:000200b0       _set_fpsr                  00000001400210b0 f   LIBCMT:fpsr.obj
 0001:000200ba       _fclrf                     00000001400210ba f   LIBCMT:fpsr.obj
 0001:000200ce       _frnd                      00000001400210ce f   LIBCMT:fpsr.obj
 0001:000200f0       __crt_debugger_hook        00000001400210f0 f   LIBCMT:dbghook.obj
 0001:00020110       _CallSettingFrame          0000000140021110 f   LIBCMT:handlers.obj
 0001:00020150       _GetNextInstrOffset        0000000140021150 f   LIBCMT:handlers.obj
 0001:00020158       _tolower_l                 0000000140021158 f   LIBCMT:tolower.obj
 0001:000202ac       tolower                    00000001400212ac f   LIBCMT:tolower.obj
 0001:000202cc       strrchr                    00000001400212cc f   LIBCMT:strrchr.obj
 0001:00020410       _fptostr                   0000000140021410 f   LIBCMT:_fptostr.obj
 0001:000204dc       _atodbl_l                  00000001400214dc f   LIBCMT:atodbl.obj
 0001:000205a4       _atoflt_l                  00000001400215a4 f   LIBCMT:atodbl.obj
 0001:0002066c       __dtold                    000000014002166c f   LIBCMT:cfout.obj
 0001:0002073c       _fltout2                   000000014002173c f   LIBCMT:cfout.obj
 0001:000207f4       _fptrap                    00000001400217f4 f   LIBCMT:crt0fp.obj
 0001:00020800       _isleadbyte_l              0000000140021800 f i LIBCMT:_wctype.obj
 0001:00020844       isleadbyte                 0000000140021844 f i LIBCMT:_wctype.obj
 0001:0002088c       _wctomb_s_l                000000014002188c f   LIBCMT:wctomb.obj
 0001:00020a18       wctomb_s                   0000000140021a18 f   LIBCMT:wctomb.obj
 0001:00020a2c       _getbuf                    0000000140021a2c f   LIBCMT:_getbuf.obj
 0001:00020a80       __lock_fhandle             0000000140021a80 f   LIBCMT:osfinfo.obj
 0001:00020b18       _alloc_osfhnd              0000000140021b18 f   LIBCMT:osfinfo.obj
 0001:00020d10       _free_osfhnd               0000000140021d10 f   LIBCMT:osfinfo.obj
 0001:00020dbc       _get_osfhandle             0000000140021dbc f   LIBCMT:osfinfo.obj
 0001:00020e30       _set_osfhnd                0000000140021e30 f   LIBCMT:osfinfo.obj
 0001:00020ee0       _unlock_fhandle            0000000140021ee0 f   LIBCMT:osfinfo.obj
 0001:00020f0c       _lseeki64                  0000000140021f0c f   LIBCMT:lseeki64.obj
 0001:00020ff0       _lseeki64_nolock           0000000140021ff0 f   LIBCMT:lseeki64.obj
 0001:00021084       _mbtowc_l                  0000000140022084 f   LIBCMT:mbtowc.obj
 0001:000211d8       mbtowc                     00000001400221d8 f   LIBCMT:mbtowc.obj
 0001:000211e0       _putwch_nolock             00000001400221e0 f   LIBCMT:putwch.obj
 0001:0002150c       __crtLCMapStringA          000000014002250c f   LIBCMT:a_map.obj
 0001:0002170c       __crtGetStringTypeA        000000014002270c f   LIBCMT:a_str.obj
 0001:00021788       _ld12tod                   0000000140022788 f   LIBCMT:intrncvt.obj
 0001:00021d38       _ld12tof                   0000000140022d38 f   LIBCMT:intrncvt.obj
 0001:000222e8       __mtold12                  00000001400232e8 f   LIBCMT:mantold.obj
 0001:00022514       __free_lconv_mon           0000000140023514 f   LIBCMT:initmon.obj
 0001:00022620       __free_lconv_num           0000000140023620 f   LIBCMT:initnum.obj
 0001:0002268c       __free_lc_time             000000014002368c f   LIBCMT:inittime.obj
 0001:00022a88       _sopen_helper              0000000140023a88 f   LIBCMT:open.obj
 0001:00022b64       _sopen_nolock              0000000140023b64 f   LIBCMT:open.obj
 0001:00022bec       _sopen_s                   0000000140023bec f   LIBCMT:open.obj
 0001:00022c20       _mbsnbcmp                  0000000140023c20 f   LIBCMT:mbsnbcmp.obj
 0001:00022c28       _mbsnbcmp_l                0000000140023c28 f   LIBCMT:mbsnbcmp.obj
 0001:00022d54       _mbsnbicmp                 0000000140023d54 f   LIBCMT:mbsnbicm.obj
 0001:00022d5c       _mbsnbicmp_l               0000000140023d5c f   LIBCMT:mbsnbicm.obj
 0001:00022f20       memcmp                     0000000140023f20 f   LIBCMT:memcmp.obj
 0001:00023064       _ismbblead                 0000000140024064 f   LIBCMT:ismbbyte.obj
 0001:00023078       $I10_OUTPUT                0000000140024078 f   LIBCMT:x10fout.obj
 0001:00023b44       __termconout               0000000140024b44 f   LIBCMT:initcon.obj
 0001:00023b64       __initconout               0000000140024b64 f   LIBCMT:initcon.obj
 0001:00023c94       _wsopen_nolock             0000000140024c94 f   LIBCMT:wopen.obj
 0001:00024460       strncmp                    0000000140025460 f   LIBCMT:strncmp.obj
 0001:000244e0       __ascii_strnicmp           00000001400254e0 f   LIBCMT:strnicmp.obj
 0001:00024528       _strnicmp                  0000000140025528 f   LIBCMT:strnicmp.obj
 0001:00024578       _strnicmp_l                0000000140025578 f   LIBCMT:strnicmp.obj
 0001:00024654       _chsize_nolock             0000000140025654 f   LIBCMT:chsize.obj
 0001:000247ec       _get_fmode                 00000001400257ec f   LIBCMT:setmode.obj
 0001:0002481c       _setmode_nolock            000000014002581c f   LIBCMT:setmode.obj
 0001:000248fa       RtlUnwindEx                00000001400258fa f   kernel32:KERNEL32.dll
 0001:00024900       IsProcessorFeaturePresent  0000000140025900 f   kernel32:KERNEL32.dll
 0002:00000000       __imp_SetEndOfFile         0000000140027000     kernel32:KERNEL32.dll
 0002:00000008       __imp_CreateFileW          0000000140027008     kernel32:KERNEL32.dll
 0002:00000010       __imp_GetStringTypeW       0000000140027010     kernel32:KERNEL32.dll
 0002:00000018       __imp_WriteConsoleW        0000000140027018     kernel32:KERNEL32.dll
 0002:00000020       __imp_SetFilePointerEx     0000000140027020     kernel32:KERNEL32.dll
 0002:00000028       __imp_SetStdHandle         0000000140027028     kernel32:KERNEL32.dll
 0002:00000030       __imp_LCMapStringW         0000000140027030     kernel32:KERNEL32.dll
 0002:00000038       __imp_LoadLibraryW         0000000140027038     kernel32:KERNEL32.dll
 0002:00000040       __imp_OutputDebugStringW   0000000140027040     kernel32:KERNEL32.dll
 0002:00000048       __imp_FreeEnvironmentStringsW 0000000140027048     kernel32:KERNEL32.dll
 0002:00000050       __imp_GetEnvironmentStringsW 0000000140027050     kernel32:KERNEL32.dll
 0002:00000058       __imp_GetSystemTimeAsFileTime 0000000140027058     kernel32:KERNEL32.dll
 0002:00000060       __imp_GetCurrentProcessId  0000000140027060     kernel32:KERNEL32.dll
 0002:00000068       __imp_QueryPerformanceCounter 0000000140027068     kernel32:KERNEL32.dll
 0002:00000070       __imp_GetModuleFileNameA   0000000140027070     kernel32:KERNEL32.dll
 0002:00000078       __imp_EncodePointer        0000000140027078     kernel32:KERNEL32.dll
 0002:00000080       __imp_DecodePointer        0000000140027080     kernel32:KERNEL32.dll
 0002:00000088       __imp_RaiseException       0000000140027088     kernel32:KERNEL32.dll
 0002:00000090       __imp_RtlLookupFunctionEntry 0000000140027090     kernel32:KERNEL32.dll
 0002:00000098       __imp_RtlUnwindEx          0000000140027098     kernel32:KERNEL32.dll
 0002:000000a0       __imp_EnterCriticalSection 00000001400270a0     kernel32:KERNEL32.dll
 0002:000000a8       __imp_LeaveCriticalSection 00000001400270a8     kernel32:KERNEL32.dll
 0002:000000b0       __imp_GetLastError         00000001400270b0     kernel32:KERNEL32.dll
 0002:000000b8       __imp_ExitProcess          00000001400270b8     kernel32:KERNEL32.dll
 0002:000000c0       __imp_GetModuleHandleExW   00000001400270c0     kernel32:KERNEL32.dll
 0002:000000c8       __imp_GetProcAddress       00000001400270c8     kernel32:KERNEL32.dll
 0002:000000d0       __imp_AreFileApisANSI      00000001400270d0     kernel32:KERNEL32.dll
 0002:000000d8       __imp_MultiByteToWideChar  00000001400270d8     kernel32:KERNEL32.dll
 0002:000000e0       __imp_HeapFree             00000001400270e0     kernel32:KERNEL32.dll
 0002:000000e8       __imp_HeapAlloc            00000001400270e8     kernel32:KERNEL32.dll
 0002:000000f0       __imp_HeapReAlloc          00000001400270f0     kernel32:KERNEL32.dll
 0002:000000f8       __imp_GetCommandLineA      00000001400270f8     kernel32:KERNEL32.dll
 0002:00000100       __imp_GetStdHandle         0000000140027100     kernel32:KERNEL32.dll
 0002:00000108       __imp_WriteFile            0000000140027108     kernel32:KERNEL32.dll
 0002:00000110       __imp_GetModuleFileNameW   0000000140027110     kernel32:KERNEL32.dll
 0002:00000118       __imp_IsProcessorFeaturePresent 0000000140027118     kernel32:KERNEL32.dll
 0002:00000120       __imp_HeapSize             0000000140027120     kernel32:KERNEL32.dll
 0002:00000128       __imp_Sleep                0000000140027128     kernel32:KERNEL32.dll
 0002:00000130       __imp_IsDebuggerPresent    0000000140027130     kernel32:KERNEL32.dll
 0002:00000138       __imp_SetLastError         0000000140027138     kernel32:KERNEL32.dll
 0002:00000140       __imp_GetCurrentThreadId   0000000140027140     kernel32:KERNEL32.dll
 0002:00000148       __imp_DeleteCriticalSection 0000000140027148     kernel32:KERNEL32.dll
 0002:00000150       __imp_InitializeCriticalSectionAndSpinCount 0000000140027150     kernel32:KERNEL32.dll
 0002:00000158       __imp_GetFileType          0000000140027158     kernel32:KERNEL32.dll
 0002:00000160       __imp_GetStartupInfoW      0000000140027160     kernel32:KERNEL32.dll
 0002:00000168       __imp_ReadFile             0000000140027168     kernel32:KERNEL32.dll
 0002:00000170       __imp_GetConsoleMode       0000000140027170     kernel32:KERNEL32.dll
 0002:00000178       __imp_ReadConsoleW         0000000140027178     kernel32:KERNEL32.dll
 0002:00000180       __imp_WideCharToMultiByte  0000000140027180     kernel32:KERNEL32.dll
 0002:00000188       __imp_GetConsoleCP         0000000140027188     kernel32:KERNEL32.dll
 0002:00000190       __imp_RtlCaptureContext    0000000140027190     kernel32:KERNEL32.dll
 0002:00000198       __imp_RtlVirtualUnwind     0000000140027198     kernel32:KERNEL32.dll
 0002:000001a0       __imp_UnhandledExceptionFilter 00000001400271a0     kernel32:KERNEL32.dll
 0002:000001a8       __imp_SetUnhandledExceptionFilter 00000001400271a8     kernel32:KERNEL32.dll
 0002:000001b0       __imp_GetCurrentProcess    00000001400271b0     kernel32:KERNEL32.dll
 0002:000001b8       __imp_TerminateProcess     00000001400271b8     kernel32:KERNEL32.dll
 0002:000001c0       __imp_TlsAlloc             00000001400271c0     kernel32:KERNEL32.dll
 0002:000001c8       __imp_TlsGetValue          00000001400271c8     kernel32:KERNEL32.dll
 0002:000001d0       __imp_TlsSetValue          00000001400271d0     kernel32:KERNEL32.dll
 0002:000001d8       __imp_TlsFree              00000001400271d8     kernel32:KERNEL32.dll
 0002:000001e0       __imp_GetModuleHandleW     00000001400271e0     kernel32:KERNEL32.dll
 0002:000001e8       __imp_LoadLibraryExW       00000001400271e8     kernel32:KERNEL32.dll
 0002:000001f0       __imp_IsValidCodePage      00000001400271f0     kernel32:KERNEL32.dll
 0002:000001f8       __imp_GetACP               00000001400271f8     kernel32:KERNEL32.dll
 0002:00000200       __imp_GetOEMCP             0000000140027200     kernel32:KERNEL32.dll
 0002:00000208       __imp_GetCPInfo            0000000140027208     kernel32:KERNEL32.dll
 0002:00000210       __imp_GetProcessHeap       0000000140027210     kernel32:KERNEL32.dll
 0002:00000218       __imp_FlushFileBuffers     0000000140027218     kernel32:KERNEL32.dll
 0002:00000220       __imp_CloseHandle          0000000140027220     kernel32:KERNEL32.dll
 0002:00000228       __imp_SetFilePointer       0000000140027228     kernel32:KERNEL32.dll
 0002:00000230       \177KERNEL32_NULL_THUNK_DATA 0000000140027230     kernel32:KERNEL32.dll
 0002:00000238       __imp_cudaGetDeviceProperties 0000000140027238     cudart:cudart64_55.dll
 0002:00000240       __imp_cudaGetDeviceCount   0000000140027240     cudart:cudart64_55.dll
 0002:00000248       __imp_cudaDeviceReset      0000000140027248     cudart:cudart64_55.dll
 0002:00000250       __imp___cudaRegisterFunction 0000000140027250     cudart:cudart64_55.dll
 0002:00000258       __imp_cudaUnbindTexture    0000000140027258     cudart:cudart64_55.dll
 0002:00000260       __imp_cudaBindTexture      0000000140027260     cudart:cudart64_55.dll
 0002:00000268       __imp_cudaMemcpyToSymbol   0000000140027268     cudart:cudart64_55.dll
 0002:00000270       __imp_cudaMemcpy2D         0000000140027270     cudart:cudart64_55.dll
 0002:00000278       __imp_cudaMemcpy           0000000140027278     cudart:cudart64_55.dll
 0002:00000280       __imp_cudaFreeHost         0000000140027280     cudart:cudart64_55.dll
 0002:00000288       __imp_cudaMallocPitch      0000000140027288     cudart:cudart64_55.dll
 0002:00000290       __imp_cudaMallocHost       0000000140027290     cudart:cudart64_55.dll
 0002:00000298       __imp_cudaLaunch           0000000140027298     cudart:cudart64_55.dll
 0002:000002a0       __imp_cudaSetupArgument    00000001400272a0     cudart:cudart64_55.dll
 0002:000002a8       __imp_cudaConfigureCall    00000001400272a8     cudart:cudart64_55.dll
 0002:000002b0       __imp_cudaMalloc           00000001400272b0     cudart:cudart64_55.dll
 0002:000002b8       __imp_cudaFree             00000001400272b8     cudart:cudart64_55.dll
 0002:000002c0       __imp___cudaRegisterTexture 00000001400272c0     cudart:cudart64_55.dll
 0002:000002c8       __imp___cudaRegisterVar    00000001400272c8     cudart:cudart64_55.dll
 0002:000002d0       __imp___cudaUnregisterFatBinary 00000001400272d0     cudart:cudart64_55.dll
 0002:000002d8       __imp___cudaRegisterFatBinary 00000001400272d8     cudart:cudart64_55.dll
 0002:000002e0       __imp_cudaCreateChannelDesc 00000001400272e0     cudart:cudart64_55.dll
 0002:000002e8       \177cudart64_55_NULL_THUNK_DATA 00000001400272e8     cudart:cudart64_55.dll
 0002:000002f0       __xc_a                     00000001400272f0     LIBCMT:crt0init.obj
 0002:00000538       __xc_z                     0000000140027538     LIBCMT:crt0init.obj
 0002:00000540       __xi_a                     0000000140027540     LIBCMT:crt0init.obj
 0002:00000570       __xi_z                     0000000140027570     LIBCMT:crt0init.obj
 0002:00000578       __xp_a                     0000000140027578     LIBCMT:crt0init.obj
 0002:00000598       __xp_z                     0000000140027598     LIBCMT:crt0init.obj
 0002:000005a0       __xt_a                     00000001400275a0     LIBCMT:crt0init.obj
 0002:000005a8       __xt_z                     00000001400275a8     LIBCMT:crt0init.obj
 0002:00000658       __real@0000000000000000    0000000140027658     matrix.cu.obj
 0002:00000660       __real@3ff0000000000000    0000000140027660     matrix.cu.obj
 0002:00000668       __real@4000000000000000    0000000140027668     matrix.cu.obj
 0002:00000670       __real@c000000000000000    0000000140027670     matrix.cu.obj
 0002:00004ac0       ??_C@_0BC@CIJDGCDI@permission?5denied?$AA@ 000000014002bac0     libcpmt:syserror.obj
 0002:00004ad8       ??_C@_0M@MIDIAGJP@file?5exists?$AA@ 000000014002bad8     libcpmt:syserror.obj
 0002:00004ae8       ??_C@_0P@FDINDDOK@no?5such?5device?$AA@ 000000014002bae8     libcpmt:syserror.obj
 0002:00004af8       ??_C@_0BC@EJHOMAAK@filename?5too?5long?$AA@ 000000014002baf8     libcpmt:syserror.obj
 0002:00004b10       ??_C@_0BI@NGCEHDD@device?5or?5resource?5busy?$AA@ 000000014002bb10     libcpmt:syserror.obj
 0002:00004b28       ??_C@_08GLNPIFBN@io?5error?$AA@ 000000014002bb28     libcpmt:syserror.obj
 0002:00004b38       ??_C@_0BE@JIDOCPHM@directory?5not?5empty?$AA@ 000000014002bb38     libcpmt:syserror.obj
 0002:00004b50       ??_C@_0BB@FCMFBGOM@invalid?5argument?$AA@ 000000014002bb50     libcpmt:syserror.obj
 0002:00004b68       ??_C@_0BD@IJDJKDEA@no?5space?5on?5device?$AA@ 000000014002bb68     libcpmt:syserror.obj
 0002:00004b80       ??_C@_0BK@NDOCBPGE@no?5such?5file?5or?5directory?$AA@ 000000014002bb80     libcpmt:syserror.obj
 0002:00004ba0       ??_C@_0BH@KEFGLDAF@function?5not?5supported?$AA@ 000000014002bba0     libcpmt:syserror.obj
 0002:00004bb8       ??_C@_0BC@NJECKMKE@no?5lock?5available?$AA@ 000000014002bbb8     libcpmt:syserror.obj
 0002:00004bd0       ??_C@_0BC@ENOOLCNF@not?5enough?5memory?$AA@ 000000014002bbd0     libcpmt:syserror.obj
 0002:00004be8       ??_C@_0BP@LKNGHENJ@resource?5unavailable?5try?5again?$AA@ 000000014002bbe8     libcpmt:syserror.obj
 0002:00004c08       ??_C@_0BC@PPHBOELF@cross?5device?5link?$AA@ 000000014002bc08     libcpmt:syserror.obj
 0002:00004c20       ??_C@_0BD@MOLBPMEA@operation?5canceled?$AA@ 000000014002bc20     libcpmt:syserror.obj
 0002:00004c38       ??_C@_0BE@GHAFMPAH@too?5many?5files?5open?$AA@ 000000014002bc38     libcpmt:syserror.obj
 0002:00004c50       ??_C@_0BC@FNODOBAE@permission_denied?$AA@ 000000014002bc50     libcpmt:syserror.obj
 0002:00004c68       ??_C@_0P@LNDJPBFK@address_in_use?$AA@ 000000014002bc68     libcpmt:syserror.obj
 0002:00004c78       ??_C@_0BG@IPMGOJF@address_not_available?$AA@ 000000014002bc78     libcpmt:syserror.obj
 0002:00004c90       ??_C@_0BN@LCBDHODA@address_family_not_supported?$AA@ 000000014002bc90     libcpmt:syserror.obj
 0002:00004cb0       ??_C@_0BP@FOJJHMCC@connection_already_in_progress?$AA@ 000000014002bcb0     libcpmt:syserror.obj
 0002:00004cd0       ??_C@_0BE@DLHHIBGN@bad_file_descriptor?$AA@ 000000014002bcd0     libcpmt:syserror.obj
 0002:00004ce8       ??_C@_0BD@OJMJDIGI@connection_aborted?$AA@ 000000014002bce8     libcpmt:syserror.obj
 0002:00004d00       ??_C@_0BD@NGKCIFEP@connection_refused?$AA@ 000000014002bd00     libcpmt:syserror.obj
 0002:00004d18       ??_C@_0BB@JOANDNCK@connection_reset?$AA@ 000000014002bd18     libcpmt:syserror.obj
 0002:00004d30       ??_C@_0BN@JLJNLKLK@destination_address_required?$AA@ 000000014002bd30     libcpmt:syserror.obj
 0002:00004d50       ??_C@_0M@IJGMGFGP@bad_address?$AA@ 000000014002bd50     libcpmt:syserror.obj
 0002:00004d60       ??_C@_0BB@KKNHPPIN@host_unreachable?$AA@ 000000014002bd60     libcpmt:syserror.obj
 0002:00004d78       ??_C@_0BG@DJGBJIIK@operation_in_progress?$AA@ 000000014002bd78     libcpmt:syserror.obj
 0002:00004d90       ??_C@_0M@EGEKIIMP@interrupted?$AA@ 000000014002bd90     libcpmt:syserror.obj
 0002:00004da0       ??_C@_0BB@FFIHMIPJ@invalid_argument?$AA@ 000000014002bda0     libcpmt:syserror.obj
 0002:00004db8       ??_C@_0BC@FIFLCHLO@already_connected?$AA@ 000000014002bdb8     libcpmt:syserror.obj
 0002:00004dd0       ??_C@_0BE@GJJJJDDA@too_many_files_open?$AA@ 000000014002bdd0     libcpmt:syserror.obj
 0002:00004de8       ??_C@_0N@HPMLKHPL@message_size?$AA@ 000000014002bde8     libcpmt:syserror.obj
 0002:00004df8       ??_C@_0BC@LEEIKBAL@filename_too_long?$AA@ 000000014002bdf8     libcpmt:syserror.obj
 0002:00004e10       ??_C@_0N@FCPALPJK@network_down?$AA@ 000000014002be10     libcpmt:syserror.obj
 0002:00004e20       ??_C@_0O@EHNDLHIG@network_reset?$AA@ 000000014002be20     libcpmt:syserror.obj
 0002:00004e30       ??_C@_0BE@JFNJIDNF@network_unreachable?$AA@ 000000014002be30     libcpmt:syserror.obj
 0002:00004e48       ??_C@_0BA@FDIJKJCL@no_buffer_space?$AA@ 000000014002be48     libcpmt:syserror.obj
 0002:00004e58       ??_C@_0BD@JHIHCGKP@no_protocol_option?$AA@ 000000014002be58     libcpmt:syserror.obj
 0002:00004e70       ??_C@_0O@GBCLHHD@not_connected?$AA@ 000000014002be70     libcpmt:syserror.obj
 0002:00004e80       ??_C@_0N@IMHKKLEM@not_a_socket?$AA@ 000000014002be80     libcpmt:syserror.obj
 0002:00004e90       ??_C@_0BI@ICEIDKLJ@operation_not_supported?$AA@ 000000014002be90     libcpmt:syserror.obj
 0002:00004ea8       ??_C@_0BH@KAPBAIJF@protocol_not_supported?$AA@ 000000014002bea8     libcpmt:syserror.obj
 0002:00004ec0       ??_C@_0BE@GAOJJFPC@wrong_protocol_type?$AA@ 000000014002bec0     libcpmt:syserror.obj
 0002:00004ed8       ??_C@_09NCHNLHPG@timed_out?$AA@ 000000014002bed8     libcpmt:syserror.obj
 0002:00004ee8       ??_C@_0BG@GDGHKFDH@operation_would_block?$AA@ 000000014002bee8     libcpmt:syserror.obj
 0002:00004f00       ??_C@_0BN@LKKBCCDB@address?5family?5not?5supported?$AA@ 000000014002bf00     libcpmt:syserror.obj
 0002:00004f20       ??_C@_0P@LDMLAFHI@address?5in?5use?$AA@ 000000014002bf20     libcpmt:syserror.obj
 0002:00004f30       ??_C@_0BG@DHPCNBJB@address?5not?5available?$AA@ 000000014002bf30     libcpmt:syserror.obj
 0002:00004f48       ??_C@_0BC@DFIBIBIL@already?5connected?$AA@ 000000014002bf48     libcpmt:syserror.obj
 0002:00004f60       ??_C@_0BH@CAKOHOMI@argument?5list?5too?5long?$AA@ 000000014002bf60     libcpmt:syserror.obj
 0002:00004f78       ??_C@_0BH@CGIMPKIM@argument?5out?5of?5domain?$AA@ 000000014002bf78     libcpmt:syserror.obj
 0002:00004f90       ??_C@_0M@KGHGGJGL@bad?5address?$AA@ 000000014002bf90     libcpmt:syserror.obj
 0002:00004fa0       ??_C@_0BE@MPJPGCEO@bad?5file?5descriptor?$AA@ 000000014002bfa0     libcpmt:syserror.obj
 0002:00004fb8       ??_C@_0M@PMMIEFCP@bad?5message?$AA@ 000000014002bfb8     libcpmt:syserror.obj
 0002:00004fc8       ??_C@_0M@KPHOFDBE@broken?5pipe?$AA@ 000000014002bfc8     libcpmt:syserror.obj
 0002:00004fd8       ??_C@_0BD@MGNDDEGM@connection?5aborted?$AA@ 000000014002bfd8     libcpmt:syserror.obj
 0002:00004ff0       ??_C@_0BP@KAIHPOGN@connection?5already?5in?5progress?$AA@ 000000014002bff0     libcpmt:syserror.obj
 0002:00005010       ??_C@_0BD@PJLIIJEL@connection?5refused?$AA@ 000000014002c010     libcpmt:syserror.obj
 0002:00005028       ??_C@_0BB@IECNJNOI@connection?5reset?$AA@ 000000014002c028     libcpmt:syserror.obj
 0002:00005040       ??_C@_0BN@KDMIFEIP@destination?5address?5required?$AA@ 000000014002c040     libcpmt:syserror.obj
 0002:00005060       ??_C@_0BI@BNCLIGPB@executable?5format?5error?$AA@ 000000014002c060     libcpmt:syserror.obj
 0002:00005078       ??_C@_0P@DNAJLBJK@file?5too?5large?$AA@ 000000014002c078     libcpmt:syserror.obj
 0002:00005088       ??_C@_0BB@DHFDFGDM@host?5unreachable?$AA@ 000000014002c088     libcpmt:syserror.obj
 0002:000050a0       ??_C@_0BD@JPHBMONG@identifier?5removed?$AA@ 000000014002c0a0     libcpmt:syserror.obj
 0002:000050b8       ??_C@_0BG@CDNPAGJK@illegal?5byte?5sequence?$AA@ 000000014002c0b8     libcpmt:syserror.obj
 0002:000050d0       ??_C@_0CD@BNPLBMNA@inappropriate?5io?5control?5operati@ 000000014002c0d0     libcpmt:syserror.obj
 0002:000050f8       ??_C@_0N@OHAFKDEK@invalid?5seek?$AA@ 000000014002c0f8     libcpmt:syserror.obj
 0002:00005108       ??_C@_0P@FLLDBIDK@is?5a?5directory?$AA@ 000000014002c108     libcpmt:syserror.obj
 0002:00005118       ??_C@_0N@IFLPBIOP@message?5size?$AA@ 000000014002c118     libcpmt:syserror.obj
 0002:00005128       ??_C@_0N@KIIEAAIO@network?5down?$AA@ 000000014002c128     libcpmt:syserror.obj
 0002:00005138       ??_C@_0O@FNPDBHEE@network?5reset?$AA@ 000000014002c138     libcpmt:syserror.obj
 0002:00005148       ??_C@_0BE@IFNCKGE@network?5unreachable?$AA@ 000000014002c148     libcpmt:syserror.obj
 0002:00005160       ??_C@_0BA@PFFCAOFK@no?5buffer?5space?$AA@ 000000014002c160     libcpmt:syserror.obj
 0002:00005170       ??_C@_0BB@IEPBLJHK@no?5child?5process?$AA@ 000000014002c170     libcpmt:syserror.obj
 0002:00005188       ??_C@_07PLECNNKG@no?5link?$AA@ 000000014002c188     libcpmt:syserror.obj
 0002:00005190       ??_C@_0BF@PBGGPKKE@no?5message?5available?$AA@ 000000014002c190     libcpmt:syserror.obj
 0002:000051a8       ??_C@_0L@EDOLMPAK@no?5message?$AA@ 000000014002c1a8     libcpmt:syserror.obj
 0002:000051b8       ??_C@_0BD@EAMBFIDF@no?5protocol?5option?$AA@ 000000014002c1b8     libcpmt:syserror.obj
 0002:000051d0       ??_C@_0BE@MKFDAFMP@no?5stream?5resources?$AA@ 000000014002c1d0     libcpmt:syserror.obj
 0002:000051e8       ??_C@_0BK@IMCPHCBI@no?5such?5device?5or?5address?$AA@ 000000014002c1e8     libcpmt:syserror.obj
 0002:00005208       ??_C@_0BA@ENLPPKBN@no?5such?5process?$AA@ 000000014002c208     libcpmt:syserror.obj
 0002:00005218       ??_C@_0BA@DOCPFFJG@not?5a?5directory?$AA@ 000000014002c218     libcpmt:syserror.obj
 0002:00005228       ??_C@_0N@POEIPGGF@not?5a?5socket?$AA@ 000000014002c228     libcpmt:syserror.obj
 0002:00005238       ??_C@_0N@LGAPMMPI@not?5a?5stream?$AA@ 000000014002c238     libcpmt:syserror.obj
 0002:00005248       ??_C@_0O@GLMIBBEG@not?5connected?$AA@ 000000014002c248     libcpmt:syserror.obj
 0002:00005258       ??_C@_0O@NHEDABJP@not?5supported?$AA@ 000000014002c258     libcpmt:syserror.obj
 0002:00005268       ??_C@_0BG@KDKHOPCO@operation?5in?5progress?$AA@ 000000014002c268     libcpmt:syserror.obj
 0002:00005280       ??_C@_0BI@OHIEJAAB@operation?5not?5permitted?$AA@ 000000014002c280     libcpmt:syserror.obj
 0002:00005298       ??_C@_0BI@LNEGIFLN@operation?5not?5supported?$AA@ 000000014002c298     libcpmt:syserror.obj
 0002:000052b0       ??_C@_0BG@OEMDKMEE@operation?5would?5block?$AA@ 000000014002c2b0     libcpmt:syserror.obj
 0002:000052c8       ??_C@_0L@BLPOFLNJ@owner?5dead?$AA@ 000000014002c2c8     libcpmt:syserror.obj
 0002:000052d8       ??_C@_0P@FNPOCJBE@protocol?5error?$AA@ 000000014002c2d8     libcpmt:syserror.obj
 0002:000052e8       ??_C@_0BH@JPPPLHJB@protocol?5not?5supported?$AA@ 000000014002c2e8     libcpmt:syserror.obj
 0002:00005300       ??_C@_0BG@EICBIHDP@read?5only?5file?5system?$AA@ 000000014002c300     libcpmt:syserror.obj
 0002:00005318       ??_C@_0BO@BJBOMOEJ@resource?5deadlock?5would?5occur?$AA@ 000000014002c318     libcpmt:syserror.obj
 0002:00005338       ??_C@_0BE@GOIPJJHG@result?5out?5of?5range?$AA@ 000000014002c338     libcpmt:syserror.obj
 0002:00005350       ??_C@_0BG@MPLKFPAE@state?5not?5recoverable?$AA@ 000000014002c350     libcpmt:syserror.obj
 0002:00005368       ??_C@_0P@DIIFGFCG@stream?5timeout?$AA@ 000000014002c368     libcpmt:syserror.obj
 0002:00005378       ??_C@_0P@IPFDMIFL@text?5file?5busy?$AA@ 000000014002c378     libcpmt:syserror.obj
 0002:00005388       ??_C@_09KJPPMAOI@timed?5out?$AA@ 000000014002c388     libcpmt:syserror.obj
 0002:00005398       ??_C@_0BO@HACHBEKI@too?5many?5files?5open?5in?5system?$AA@ 000000014002c398     libcpmt:syserror.obj
 0002:000053b8       ??_C@_0P@HCOMKFCC@too?5many?5links?$AA@ 000000014002c3b8     libcpmt:syserror.obj
 0002:000053c8       ??_C@_0BO@EFGOJEF@too?5many?5symbolic?5link?5levels?$AA@ 000000014002c3c8     libcpmt:syserror.obj
 0002:000053e8       ??_C@_0BA@KGKGOOJA@value?5too?5large?$AA@ 000000014002c3e8     libcpmt:syserror.obj
 0002:000053f8       ??_C@_0BE@MIEJDDNH@wrong?5protocol?5type?$AA@ 000000014002c3f8     libcpmt:syserror.obj
 0002:00005570       ??_C@_04EIAKFFMI@sqrt?$AA@ 000000014002c570     LIBCMT:sqrt.obj
 0002:00005760       ??_C@_05PBJFFIGL@floor?$AA@ 000000014002c760     LIBCMT:floor.obj
 0002:000058d0       ??_C@_04GFPJNGEK@ceil?$AA@ 000000014002c8d0     LIBCMT:ceil.obj
 0002:00006cb0       __real@3ff921fb54442d18    000000014002dcb0     LIBCMT:acosf.obj
 0002:000098d0       _FPinit                    00000001400308d0     LIBCMT:fpinit.obj
 0002:000098d8       ??_C@_1BI@BGOHAHKC@?$AAm?$AAs?$AAc?$AAo?$AAr?$AAe?$AAe?$AA?4?$AAd?$AAl?$AAl?$AA?$AA@ 00000001400308d8     LIBCMT:crt0dat.obj
 0002:000098f0       ??_C@_0P@MIGLKIOC@CorExitProcess?$AA@ 00000001400308f0     LIBCMT:crt0dat.obj
 0002:00009a70       ??_C@_1FK@PGACCAFB@?$AAR?$AA6?$AA0?$AA0?$AA2?$AA?$AN?$AA?6?$AA?9?$AA?5?$AAf?$AAl?$AAo?$AAa?$AAt?$AAi?$AAn?$AAg?$AA?5?$AAp?$AAo?$AAi?$AAn?$AAt?$AA?5?$AAs?$AAu?$AAp?$AAp?$AAo?$AAr?$AAt?$AA?5@ 0000000140030a70     LIBCMT:crt0msg.obj
 0002:00009ad0       ??_C@_1FE@LLNEDJMD@?$AAR?$AA6?$AA0?$AA0?$AA8?$AA?$AN?$AA?6?$AA?9?$AA?5?$AAn?$AAo?$AAt?$AA?5?$AAe?$AAn?$AAo?$AAu?$AAg?$AAh?$AA?5?$AAs?$AAp?$AAa?$AAc?$AAe?$AA?5?$AAf?$AAo?$AAr?$AA?5?$AAa?$AAr@ 0000000140030ad0     LIBCMT:crt0msg.obj
 0002:00009b30       ??_C@_1FI@HONFMGBI@?$AAR?$AA6?$AA0?$AA0?$AA9?$AA?$AN?$AA?6?$AA?9?$AA?5?$AAn?$AAo?$AAt?$AA?5?$AAe?$AAn?$AAo?$AAu?$AAg?$AAh?$AA?5?$AAs?$AAp?$AAa?$AAc?$AAe?$AA?5?$AAf?$AAo?$AAr?$AA?5?$AAe?$AAn@ 0000000140030b30     LIBCMT:crt0msg.obj
 0002:00009b90       ??_C@_1EG@BEHAGFJD@?$AAR?$AA6?$AA0?$AA1?$AA0?$AA?$AN?$AA?6?$AA?9?$AA?5?$AAa?$AAb?$AAo?$AAr?$AAt?$AA?$CI?$AA?$CJ?$AA?5?$AAh?$AAa?$AAs?$AA?5?$AAb?$AAe?$AAe?$AAn?$AA?5?$AAc?$AAa?$AAl?$AAl?$AAe?$AAd@ 0000000140030b90     LIBCMT:crt0msg.obj
 0002:00009be0       ??_C@_1FI@LOGNIKDM@?$AAR?$AA6?$AA0?$AA1?$AA6?$AA?$AN?$AA?6?$AA?9?$AA?5?$AAn?$AAo?$AAt?$AA?5?$AAe?$AAn?$AAo?$AAu?$AAg?$AAh?$AA?5?$AAs?$AAp?$AAa?$AAc?$AAe?$AA?5?$AAf?$AAo?$AAr?$AA?5?$AAt?$AAh@ 0000000140030be0     LIBCMT:crt0msg.obj
 0002:00009c40       ??_C@_1FK@BEOGODMC@?$AAR?$AA6?$AA0?$AA1?$AA7?$AA?$AN?$AA?6?$AA?9?$AA?5?$AAu?$AAn?$AAe?$AAx?$AAp?$AAe?$AAc?$AAt?$AAe?$AAd?$AA?5?$AAm?$AAu?$AAl?$AAt?$AAi?$AAt?$AAh?$AAr?$AAe?$AAa?$AAd?$AA?5@ 0000000140030c40     LIBCMT:crt0msg.obj
 0002:00009ca0       ??_C@_1EC@JIBHAOPH@?$AAR?$AA6?$AA0?$AA1?$AA8?$AA?$AN?$AA?6?$AA?9?$AA?5?$AAu?$AAn?$AAe?$AAx?$AAp?$AAe?$AAc?$AAt?$AAe?$AAd?$AA?5?$AAh?$AAe?$AAa?$AAp?$AA?5?$AAe?$AAr?$AAr?$AAo?$AAr?$AA?$AN?$AA?6@ 0000000140030ca0     LIBCMT:crt0msg.obj
 0002:00009cf0       ??_C@_1FC@ECHBIFBC@?$AAR?$AA6?$AA0?$AA1?$AA9?$AA?$AN?$AA?6?$AA?9?$AA?5?$AAu?$AAn?$AAa?$AAb?$AAl?$AAe?$AA?5?$AAt?$AAo?$AA?5?$AAo?$AAp?$AAe?$AAn?$AA?5?$AAc?$AAo?$AAn?$AAs?$AAo?$AAl?$AAe?$AA?5@ 0000000140030cf0     LIBCMT:crt0msg.obj
 0002:00009d50       ??_C@_1GK@FHCKBEFA@?$AAR?$AA6?$AA0?$AA2?$AA4?$AA?$AN?$AA?6?$AA?9?$AA?5?$AAn?$AAo?$AAt?$AA?5?$AAe?$AAn?$AAo?$AAu?$AAg?$AAh?$AA?5?$AAs?$AAp?$AAa?$AAc?$AAe?$AA?5?$AAf?$AAo?$AAr?$AA?5?$AA_?$AAo@ 0000000140030d50     LIBCMT:crt0msg.obj
 0002:00009dc0       ??_C@_1EM@MAADIHMB@?$AAR?$AA6?$AA0?$AA2?$AA5?$AA?$AN?$AA?6?$AA?9?$AA?5?$AAp?$AAu?$AAr?$AAe?$AA?5?$AAv?$AAi?$AAr?$AAt?$AAu?$AAa?$AAl?$AA?5?$AAf?$AAu?$AAn?$AAc?$AAt?$AAi?$AAo?$AAn?$AA?5?$AAc@ 0000000140030dc0     LIBCMT:crt0msg.obj
 0002:00009e10       ??_C@_1GK@MCAAGJMO@?$AAR?$AA6?$AA0?$AA2?$AA6?$AA?$AN?$AA?6?$AA?9?$AA?5?$AAn?$AAo?$AAt?$AA?5?$AAe?$AAn?$AAo?$AAu?$AAg?$AAh?$AA?5?$AAs?$AAp?$AAa?$AAc?$AAe?$AA?5?$AAf?$AAo?$AAr?$AA?5?$AAs?$AAt@ 0000000140030e10     LIBCMT:crt0msg.obj
 0002:00009e80       ??_C@_1GK@MFGOKLAG@?$AAR?$AA6?$AA0?$AA2?$AA7?$AA?$AN?$AA?6?$AA?9?$AA?5?$AAn?$AAo?$AAt?$AA?5?$AAe?$AAn?$AAo?$AAu?$AAg?$AAh?$AA?5?$AAs?$AAp?$AAa?$AAc?$AAe?$AA?5?$AAf?$AAo?$AAr?$AA?5?$AAl?$AAo@ 0000000140030e80     LIBCMT:crt0msg.obj
 0002:00009ef0       ??_C@_1EK@HHFLMAOL@?$AAR?$AA6?$AA0?$AA2?$AA8?$AA?$AN?$AA?6?$AA?9?$AA?5?$AAu?$AAn?$AAa?$AAb?$AAl?$AAe?$AA?5?$AAt?$AAo?$AA?5?$AAi?$AAn?$AAi?$AAt?$AAi?$AAa?$AAl?$AAi?$AAz?$AAe?$AA?5?$AAh?$AAe@ 0000000140030ef0     LIBCMT:crt0msg.obj
 0002:00009f40       ??_C@_1DO@BMFCDCD@?$AAR?$AA6?$AA0?$AA3?$AA0?$AA?$AN?$AA?6?$AA?9?$AA?5?$AAC?$AAR?$AAT?$AA?5?$AAn?$AAo?$AAt?$AA?5?$AAi?$AAn?$AAi?$AAt?$AAi?$AAa?$AAl?$AAi?$AAz?$AAe?$AAd?$AA?$AN?$AA?6?$AA?$AA@ 0000000140030f40     LIBCMT:crt0msg.obj
 0002:00009f80       ??_C@_1MG@ENCOOIDF@?$AAR?$AA6?$AA0?$AA3?$AA1?$AA?$AN?$AA?6?$AA?9?$AA?5?$AAA?$AAt?$AAt?$AAe?$AAm?$AAp?$AAt?$AA?5?$AAt?$AAo?$AA?5?$AAi?$AAn?$AAi?$AAt?$AAi?$AAa?$AAl?$AAi?$AAz?$AAe?$AA?5?$AAt@ 0000000140030f80     LIBCMT:crt0msg.obj
 0002:0000a050       ??_C@_1GG@GOPILAJP@?$AAR?$AA6?$AA0?$AA3?$AA2?$AA?$AN?$AA?6?$AA?9?$AA?5?$AAn?$AAo?$AAt?$AA?5?$AAe?$AAn?$AAo?$AAu?$AAg?$AAh?$AA?5?$AAs?$AAp?$AAa?$AAc?$AAe?$AA?5?$AAf?$AAo?$AAr?$AA?5?$AAl?$AAo@ 0000000140031050     LIBCMT:crt0msg.obj
 0002:0000a0c0       ??_C@_1BOO@KGEDBGAJ@?$AAR?$AA6?$AA0?$AA3?$AA3?$AA?$AN?$AA?6?$AA?9?$AA?5?$AAA?$AAt?$AAt?$AAe?$AAm?$AAp?$AAt?$AA?5?$AAt?$AAo?$AA?5?$AAu?$AAs?$AAe?$AA?5?$AAM?$AAS?$AAI?$AAL?$AA?5?$AAc?$AAo?$AAd@ 00000001400310c0     LIBCMT:crt0msg.obj
 0002:0000a2b0       ??_C@_1GG@MKFPEKFO@?$AAR?$AA6?$AA0?$AA3?$AA4?$AA?$AN?$AA?6?$AA?9?$AA?5?$AAi?$AAn?$AAc?$AAo?$AAn?$AAs?$AAi?$AAs?$AAt?$AAe?$AAn?$AAt?$AA?5?$AAo?$AAn?$AAe?$AAx?$AAi?$AAt?$AA?5?$AAb?$AAe?$AAg@ 00000001400312b0     LIBCMT:crt0msg.obj
 0002:0000a318       ??_C@_1BO@BFCDCGC@?$AAD?$AAO?$AAM?$AAA?$AAI?$AAN?$AA?5?$AAe?$AAr?$AAr?$AAo?$AAr?$AA?$AN?$AA?6?$AA?$AA@ 0000000140031318     LIBCMT:crt0msg.obj
 0002:0000a338       ??_C@_1BK@KMOMNAAI@?$AAS?$AAI?$AAN?$AAG?$AA?5?$AAe?$AAr?$AAr?$AAo?$AAr?$AA?$AN?$AA?6?$AA?$AA@ 0000000140031338     LIBCMT:crt0msg.obj
 0002:0000a358       ??_C@_1BM@JBBEPPHI@?$AAT?$AAL?$AAO?$AAS?$AAS?$AA?5?$AAe?$AAr?$AAr?$AAo?$AAr?$AA?$AN?$AA?6?$AA?$AA@ 0000000140031358     LIBCMT:crt0msg.obj
 0002:0000a374       ??_C@_15JNBOKNOG@?$AA?$AN?$AA?6?$AA?$AA@ 0000000140031374     LIBCMT:crt0msg.obj
 0002:0000a380       ??_C@_1BO@BKOMIGKJ@?$AAr?$AAu?$AAn?$AAt?$AAi?$AAm?$AAe?$AA?5?$AAe?$AAr?$AAr?$AAo?$AAr?$AA?5?$AA?$AA@ 0000000140031380     LIBCMT:crt0msg.obj
 0002:0000a3a0       ??_C@_1DE@JNGNBFGO@?$AAR?$AAu?$AAn?$AAt?$AAi?$AAm?$AAe?$AA?5?$AAE?$AAr?$AAr?$AAo?$AAr?$AA?$CB?$AA?6?$AA?6?$AAP?$AAr?$AAo?$AAg?$AAr?$AAa?$AAm?$AA?3?$AA?5?$AA?$AA@ 00000001400313a0     LIBCMT:crt0msg.obj
 0002:0000a3d8       ??_C@_1CO@EAEJAADC@?$AA?$DM?$AAp?$AAr?$AAo?$AAg?$AAr?$AAa?$AAm?$AA?5?$AAn?$AAa?$AAm?$AAe?$AA?5?$AAu?$AAn?$AAk?$AAn?$AAo?$AAw?$AAn?$AA?$DO?$AA?$AA@ 00000001400313d8     LIBCMT:crt0msg.obj
 0002:0000a408       ??_C@_17LGKOMLJ@?$AA?4?$AA?4?$AA?4?$AA?$AA@ 0000000140031408     LIBCMT:crt0msg.obj
 0002:0000a410       ??_C@_15IABLJNFO@?$AA?6?$AA?6?$AA?$AA@ 0000000140031410     LIBCMT:crt0msg.obj
 0002:0000a420       ??_C@_1EK@MBDPDCGA@?$AAM?$AAi?$AAc?$AAr?$AAo?$AAs?$AAo?$AAf?$AAt?$AA?5?$AAV?$AAi?$AAs?$AAu?$AAa?$AAl?$AA?5?$AAC?$AA?$CL?$AA?$CL?$AA?5?$AAR?$AAu?$AAn?$AAt?$AAi?$AAm?$AAe?$AA?5?$AAL?$AAi?$AAb@ 0000000140031420     LIBCMT:crt0msg.obj
 0002:0000a46c       ??_C@_03KHJOGHMM@exp?$AA@  000000014003146c     LIBCMT:fpexcept.obj
 0002:0000a470       ??_C@_03JGHBODFD@pow?$AA@  0000000140031470     LIBCMT:fpexcept.obj
 0002:0000a474       ??_C@_03MGHMBJCF@log?$AA@  0000000140031474     LIBCMT:fpexcept.obj
 0002:0000a478       ??_C@_05HGHHAHAP@log10?$AA@ 0000000140031478     LIBCMT:fpexcept.obj
 0002:0000a480       ??_C@_04COOMCNPB@sinh?$AA@ 0000000140031480     LIBCMT:fpexcept.obj
 0002:0000a488       ??_C@_04HPJJNFIM@cosh?$AA@ 0000000140031488     LIBCMT:fpexcept.obj
 0002:0000a490       ??_C@_04FJHINJAO@tanh?$AA@ 0000000140031490     LIBCMT:fpexcept.obj
 0002:0000a498       ??_C@_04FIHNOPOL@asin?$AA@ 0000000140031498     LIBCMT:fpexcept.obj
 0002:0000a4a0       ??_C@_04PDIFKINK@acos?$AA@ 00000001400314a0     LIBCMT:fpexcept.obj
 0002:0000a4a8       ??_C@_04MLLJIGOK@atan?$AA@ 00000001400314a8     LIBCMT:fpexcept.obj
 0002:0000a4b0       ??_C@_05KNGEOGJB@atan2?$AA@ 00000001400314b0     LIBCMT:fpexcept.obj
 0002:0000a4b8       ??_C@_03BLEJJJBH@sin?$AA@  00000001400314b8     LIBCMT:fpexcept.obj
 0002:0000a4bc       ??_C@_03LALBNOCG@cos?$AA@  00000001400314bc     LIBCMT:fpexcept.obj
 0002:0000a4c0       ??_C@_03IIINPABG@tan?$AA@  00000001400314c0     LIBCMT:fpexcept.obj
 0002:0000a4c4       ??_C@_04ODHECPBC@fabs?$AA@ 00000001400314c4     LIBCMT:fpexcept.obj
 0002:0000a4cc       ??_C@_04EHEDPDJG@modf?$AA@ 00000001400314cc     LIBCMT:fpexcept.obj
 0002:0000a4d4       ??_C@_05CEJMAHNP@ldexp?$AA@ 00000001400314d4     LIBCMT:fpexcept.obj
 0002:0000a4dc       ??_C@_05KBKMEMPO@_cabs?$AA@ 00000001400314dc     LIBCMT:fpexcept.obj
 0002:0000a4e4       ??_C@_06MEIMCGCF@_hypot?$AA@ 00000001400314e4     LIBCMT:fpexcept.obj
 0002:0000a4ec       ??_C@_04KEPJIHGP@fmod?$AA@ 00000001400314ec     LIBCMT:fpexcept.obj
 0002:0000a4f4       ??_C@_05GKKHEGJL@frexp?$AA@ 00000001400314f4     LIBCMT:fpexcept.obj
 0002:0000a4fc       ??_C@_03MJLDFKDL@_y0?$AA@  00000001400314fc     LIBCMT:fpexcept.obj
 0002:0000a500       ??_C@_03NAKIGLHK@_y1?$AA@  0000000140031500     LIBCMT:fpexcept.obj
 0002:0000a504       ??_C@_03ONILCKOB@_yn?$AA@  0000000140031504     LIBCMT:fpexcept.obj
 0002:0000a508       ??_C@_05JGDBENOH@_logb?$AA@ 0000000140031508     LIBCMT:fpexcept.obj
 0002:0000a510       ??_C@_0L@KDOEJCKC@_nextafter?$AA@ 0000000140031510     LIBCMT:fpexcept.obj
 0002:0000a520       __Lcosarray                0000000140031520     LIBCMT:Lsincos_array.obj
 0002:0000a580       __Lsinarray                0000000140031580     LIBCMT:Lsincos_array.obj
 0002:0000a600       __real@3c91a62633145c06    0000000140031600     LIBCMT:remainder_piby2.obj
 0002:0000a608       __real@3e5110b460000000    0000000140031608     LIBCMT:remainder_piby2.obj
 0002:0000a610       __real@3ff921fb50000000    0000000140031610     LIBCMT:remainder_piby2.obj
 0002:0000a618       ??_C@_04LAGPAAHP@sinf?$AA@ 0000000140031618     LIBCMT:sincos_special.obj
 0002:0000a620       ??_C@_04OBBKPIAC@cosf?$AA@ 0000000140031620     LIBCMT:sincos_special.obj
 0002:0000a628       ??_C@_04HIGFGEHP@logf?$AA@ 0000000140031628     LIBCMT:log_special.obj
 0002:0000a630       ??_C@_06KDGOKGLH@log10f?$AA@ 0000000140031630     LIBCMT:log_special.obj
 0002:0000a640       __log_256_lead             0000000140031640     LIBCMT:log_256_lead_tail_table.obj
 0002:0000ae50       __log_256_tail             0000000140031e50     LIBCMT:log_256_lead_tail_table.obj
 0002:0000b660       __log_F_inv_qword          0000000140032660     LIBCMT:log_F_inv_qword_table.obj
 0002:0000be70       ??_C@_04KBNCNMNN@expf?$AA@ 0000000140032e70     LIBCMT:exp_special.obj
 0002:0000be80       __two_to_jby64_table       0000000140032e80     LIBCMT:two_to_jby64_table.obj
 0002:0000c080       __two_to_jby64_head_table  0000000140033080     LIBCMT:two_to_jby64_head_tail_table.obj
 0002:0000c280       __two_to_jby64_tail_table  0000000140033280     LIBCMT:two_to_jby64_head_tail_table.obj
 0002:0000c480       ??_C@_04MBFDLNIM@powf?$AA@ 0000000140033480     LIBCMT:pow_special.obj
 0002:0000c490       __log_F_inv_dword          0000000140033490     LIBCMT:log_F_inv_dword_table.obj
 0002:0000c698       _pDestructExceptionObject  0000000140033698     LIBCMT:frame.obj
 0002:0000c6b0       ??_C@_05KLBDPFGC@e?$CL000?$AA@ 00000001400336b0     LIBCMT:cvt.obj
 0002:0000c6b8       ??_C@_06OJHGLDPL@?$CInull?$CJ?$AA@ 00000001400336b8     LIBCMT:output.obj
 0002:0000c6c0       ??_C@_1O@CEDCILHN@?$AA?$CI?$AAn?$AAu?$AAl?$AAl?$AA?$CJ?$AA?$AA@ 00000001400336c0     LIBCMT:output.obj
 0002:0000c6d0       __lookuptable              00000001400336d0     LIBCMT:output.obj
 0002:0000c730       ??_C@_1BK@MGMFAEKH@?$AAk?$AAe?$AAr?$AAn?$AAe?$AAl?$AA3?$AA2?$AA?4?$AAd?$AAl?$AAl?$AA?$AA@ 0000000140033730     LIBCMT:winapisupp.obj
 0002:0000c750       ??_C@_08KNHFBNJ@FlsAlloc?$AA@ 0000000140033750     LIBCMT:winapisupp.obj
 0002:0000c760       ??_C@_07PEJMOBNF@FlsFree?$AA@ 0000000140033760     LIBCMT:winapisupp.obj
[...]
 0004:00000fe4       $pdata$__crtIsPackagedApp  0000000140047fe4     LIBCMT:winapisupp.obj
 0004:00000ff0       $pdata$__crtLoadWinApiPointers 0000000140047ff0     LIBCMT:winapisupp.obj
 0004:00000ffc       $pdata$__crtTerminateProcess 0000000140047ffc     LIBCMT:winapisupp.obj
 0004:00001008       $pdata$__crtUnhandledException 0000000140048008     LIBCMT:winapisupp.obj
 0004:00001014       $pdata$_IsNonwritableInCurrentImage 0000000140048014     LIBCMT:pesect.obj
 0004:00001020       $pdata$raise               0000000140048020     LIBCMT:winsig.obj
 0004:0000102c       $pdata$__initmbctable      000000014004802c     LIBCMT:mbctype.obj
 0004:00001038       $pdata$?getSystemCP@@YAHH@Z 0000000140048038     LIBCMT:mbctype.obj
 0004:00001044       $pdata$?setSBCS@@YAXPEAUthreadmbcinfostruct@@@Z 0000000140048044     LIBCMT:mbctype.obj
 0004:00001050       $pdata$?setSBUpLow@@YAXPEAUthreadmbcinfostruct@@@Z 0000000140048050     LIBCMT:mbctype.obj
 0004:0000105c       $pdata$__updatetmbcinfo    000000014004805c     LIBCMT:mbctype.obj
 0004:00001068       $pdata$_setmbcp            0000000140048068     LIBCMT:mbctype.obj
 0004:00001074       $pdata$_setmbcp_nolock     0000000140048074     LIBCMT:mbctype.obj
 0004:00001080       $pdata$_fltin2             0000000140048080     LIBCMT:cfin.obj
 0004:0000108c       $pdata$__strgtold12_l      000000014004808c     LIBCMT:strgtold.obj
 0004:00001098       $pdata$__freetlocinfo      0000000140048098     LIBCMT:localref.obj
 0004:000010a4       $pdata$__updatetlocinfo    00000001400480a4     LIBCMT:localref.obj
 0004:000010b0       $pdata$_updatetlocinfoEx_nolock 00000001400480b0     LIBCMT:localref.obj
 0004:000010bc       $pdata$_isctype_l          00000001400480bc     LIBCMT:isctype.obj
 0004:000010c8       $pdata$?strtoxl@@YAKPEAUlocaleinfo_struct@@PEBDPEAPEBDHH@Z 00000001400480c8     LIBCMT:strtol.obj
 0004:000010d4       $pdata$strtol              00000001400480d4     LIBCMT:strtol.obj
 0004:000010e0       $pdata$_heap_init          00000001400480e0     LIBCMT:heapinit.obj
 0004:000010ec       $pdata$_commit             00000001400480ec     LIBCMT:commit.obj
 0004:000010f8       $pdata$_close              00000001400480f8     LIBCMT:close.obj
 0004:00001104       $pdata$_close_nolock       0000000140048104     LIBCMT:close.obj
 0004:00001110       $pdata$_freebuf            0000000140048110     LIBCMT:_freebuf.obj
 0004:0000111c       $pdata$_getstream          000000014004811c     LIBCMT:stream.obj
 0004:00001128       $pdata$_openfile           0000000140048128     LIBCMT:_open.obj
 0004:00001164       $pdata$_ftell_nolock       0000000140048164     LIBCMT:ftell.obj
 0004:00001170       $pdata$_lseek              0000000140048170     LIBCMT:lseek.obj
 0004:0000117c       $pdata$_lseek_nolock       000000014004817c     LIBCMT:lseek.obj
 0004:00001188       $pdata$_locterm            0000000140048188     LIBCMT:wsetloca.obj
 0004:00001194       $pdata$?__CxxUnhandledExceptionFilter@@YAJPEAU_EXCEPTION_POINTERS@@@Z 0000000140048194     LIBCMT:unhandld.obj
 0004:000011a0       $pdata$__CxxSetUnhandledExceptionFilter 00000001400481a0     LIBCMT:unhandld.obj
 0004:000011ac       $pdata$_XcptFilter         00000001400481ac     LIBCMT:winxfltr.obj
 0004:000011b8       $pdata$_setargv            00000001400481b8     LIBCMT:stdargv.obj
 0004:000011c4       $pdata$parse_cmdline       00000001400481c4     LIBCMT:stdargv.obj
 0004:000011d0       $pdata$_setenvp            00000001400481d0     LIBCMT:stdenvp.obj
 0004:000011dc       $pdata$_set_error_mode     00000001400481dc     LIBCMT:errmode.obj
 0004:000011e8       $pdata$__security_init_cookie 00000001400481e8     LIBCMT:gs_support.obj
 0004:000011f4       $pdata$__crtGetEnvironmentStringsA 00000001400481f4     LIBCMT:a_env.obj
 0004:00001200       $pdata$strcpy_s            0000000140048200     LIBCMT:strcpy_s.obj
 0004:0000120c       $pdata$wcscat_s            000000014004820c     LIBCMT:wcscat_s.obj
 0004:00001218       $pdata$wcscpy_s            0000000140048218     LIBCMT:wcscpy_s.obj
 0004:00001224       $pdata$wcsncpy_s           0000000140048224     LIBCMT:wcsncpy_s.obj
 0004:00001230       $pdata$__crtMessageBoxW    0000000140048230     LIBCMT:crtmboxw.obj
 0004:0000123c       $pdata$GetTableIndexFromLocaleName 000000014004823c     LIBCMT:winapinls.obj
 0004:00001248       $pdata$__crtDownlevelLocaleNameToLCID 0000000140048248     LIBCMT:winapinls.obj
 0004:00001254       $pdata$__crtLCMapStringEx  0000000140048254     LIBCMT:winapinls.obj
 0004:00001260       $pdata$_calloc_impl        0000000140048260     LIBCMT:calloc_impl.obj
 0004:00001284       $pdata$_tolower_l          0000000140048284     LIBCMT:tolower.obj
 0004:00001290       $pdata$strrchr             0000000140048290     LIBCMT:strrchr.obj
 0004:0000129c       $pdata$_fptostr            000000014004829c     LIBCMT:_fptostr.obj
 0004:000012a8       $pdata$_atodbl_l           00000001400482a8     LIBCMT:atodbl.obj
 0004:000012b4       $pdata$_atoflt_l           00000001400482b4     LIBCMT:atodbl.obj
 0004:000012c0       $pdata$__dtold             00000001400482c0     LIBCMT:cfout.obj
 0004:000012cc       $pdata$_fltout2            00000001400482cc     LIBCMT:cfout.obj
 0004:000012d8       $pdata$_isleadbyte_l       00000001400482d8     LIBCMT:_wctype.obj
 0004:000012e4       $pdata$isleadbyte          00000001400482e4     LIBCMT:_wctype.obj
 0004:000012f0       $pdata$_wctomb_s_l         00000001400482f0     LIBCMT:wctomb.obj
 0004:000012fc       $pdata$wctomb_s            00000001400482fc     LIBCMT:wctomb.obj
 0004:00001308       $pdata$_getbuf             0000000140048308     LIBCMT:_getbuf.obj
 0004:00001314       $pdata$__lock_fhandle      0000000140048314     LIBCMT:osfinfo.obj
 0004:00001320       $pdata$_alloc_osfhnd       0000000140048320     LIBCMT:osfinfo.obj
 0004:0000132c       $pdata$_free_osfhnd        000000014004832c     LIBCMT:osfinfo.obj
 0004:00001338       $pdata$_get_osfhandle      0000000140048338     LIBCMT:osfinfo.obj
 0004:00001344       $pdata$_set_osfhnd         0000000140048344     LIBCMT:osfinfo.obj
 0004:00001350       $pdata$_lseeki64           0000000140048350     LIBCMT:lseeki64.obj
 0004:0000135c       $pdata$_lseeki64_nolock    000000014004835c     LIBCMT:lseeki64.obj
 0004:00001368       $pdata$_mbtowc_l           0000000140048368     LIBCMT:mbtowc.obj
 0004:00001374       $pdata$_putwch_nolock      0000000140048374     LIBCMT:putwch.obj
 0004:00001380       $pdata$?__crtLCMapStringA_stat@@YAHPEAUlocaleinfo_struct@@PEB_WKPEBDHPEADHHH@Z 0000000140048380     LIBCMT:a_map.obj
 0004:0000138c       $pdata$__crtLCMapStringA   000000014004838c     LIBCMT:a_map.obj
 0004:00001398       $pdata$?__crtGetStringTypeA_stat@@YAHPEAUlocaleinfo_struct@@KPEBDHPEAGHH@Z 0000000140048398     LIBCMT:a_str.obj
 0004:000013a4       $pdata$__crtGetStringTypeA 00000001400483a4     LIBCMT:a_str.obj
 0004:000013b0       $pdata$_ld12tod            00000001400483b0     LIBCMT:intrncvt.obj
 0004:000013bc       $pdata$_ld12tof            00000001400483bc     LIBCMT:intrncvt.obj
 0004:000013c8       $pdata$__mtold12           00000001400483c8     LIBCMT:mantold.obj
 0004:000013d4       $pdata$__free_lconv_mon    00000001400483d4     LIBCMT:initmon.obj
 0004:000013e0       $pdata$__free_lconv_num    00000001400483e0     LIBCMT:initnum.obj
 0004:000013ec       $pdata$__free_lc_time      00000001400483ec     LIBCMT:inittime.obj
 0004:000013f8       $pdata$_sopen_helper       00000001400483f8     LIBCMT:open.obj
 0004:00001404       $pdata$_sopen_nolock       0000000140048404     LIBCMT:open.obj
 0004:00001410       $pdata$_sopen_s            0000000140048410     LIBCMT:open.obj
 0004:0000141c       $pdata$_mbsnbcmp_l         000000014004841c     LIBCMT:mbsnbcmp.obj
 0004:00001428       $pdata$_mbsnbicmp_l        0000000140048428     LIBCMT:mbsnbicm.obj
 0004:00001440       $pdata$?x_ismbbtype_l@@YAHPEAUlocaleinfo_struct@@IHH@Z 0000000140048440     LIBCMT:ismbbyte.obj
 0004:0000144c       $pdata$$I10_OUTPUT         000000014004844c     LIBCMT:x10fout.obj
 0004:00001458       $pdata$__termconout        0000000140048458     LIBCMT:initcon.obj
 0004:00001464       $pdata$__initconout        0000000140048464     LIBCMT:initcon.obj
 0004:00001470       $pdata$__createFile        0000000140048470     LIBCMT:wopen.obj
 0004:0000147c       $pdata$_wsopen_nolock      000000014004847c     LIBCMT:wopen.obj
 0004:00001494       $pdata$_strnicmp           0000000140048494     LIBCMT:strnicmp.obj
 0004:000014a0       $pdata$_strnicmp_l         00000001400484a0     LIBCMT:strnicmp.obj
 0004:000014ac       $pdata$_chsize_nolock      00000001400484ac     LIBCMT:chsize.obj
 0004:000014b8       $pdata$_get_fmode          00000001400484b8     LIBCMT:setmode.obj
 0004:000014c4       $pdata$_setmode_nolock     00000001400484c4     LIBCMT:setmode.obj
 0004:000014d0       $pdata$_onexit$fin$0       00000001400484d0     LIBCMT:onexit.obj
 0004:000014dc       $pdata$fprintf$fin$0       00000001400484dc     LIBCMT:fprintf.obj
 0004:000014e8       $pdata$fread_s$fin$0       00000001400484e8     LIBCMT:fread.obj
 0004:000014f4       $pdata$fwrite$fin$0        00000001400484f4     LIBCMT:fwrite.obj
 0004:00001500       $pdata$doexit$fin$0        0000000140048500     LIBCMT:crt0dat.obj
 0004:0000150c       $pdata$flsall$fin$0        000000014004850c     LIBCMT:fflush.obj
 0004:00001518       $pdata$flsall$fin$1        0000000140048518     LIBCMT:fflush.obj
 0004:00001524       $pdata$printf$fin$0        0000000140048524     LIBCMT:printf.obj
 0004:00001530       $pdata$fgets$fin$0         0000000140048530     LIBCMT:fgets.obj
 0004:0000153c       $pdata$_fsopen$fin$0       000000014004853c     LIBCMT:fopen.obj
 0004:00001548       $pdata$fflush$fin$0        0000000140048548     LIBCMT:fseek.obj
 0004:00001548       $pdata$fclose$fin$0        0000000140048548     LIBCMT:fseek.obj
 0004:00001548       $pdata$fseek$fin$0         0000000140048548     LIBCMT:fseek.obj
 0004:00001548       $pdata$getc$fin$0          0000000140048548     LIBCMT:fseek.obj
 0004:00001548       $pdata$clearerr_s$fin$0    0000000140048548     LIBCMT:fseek.obj
 0004:00001554       $pdata$__tmainCRTStartup$filt$0 0000000140048554     LIBCMT:crt0.obj
 0004:00001560       $pdata$_ctrlfp$filt$0      0000000140048560     LIBCMT:fpctrl.obj
 0004:0000156c       $pdata$_initptd$fin$1      000000014004856c     LIBCMT:tidtable.obj
 0004:0000156c       $pdata$_freefls$fin$1      000000014004856c     LIBCMT:tidtable.obj
 0004:00001578       $pdata$_initptd$fin$0      0000000140048578     LIBCMT:tidtable.obj
 0004:00001578       $pdata$_freefls$fin$0      0000000140048578     LIBCMT:tidtable.obj
 0004:00001584       $pdata$__DestructExceptionObject$filt$0 0000000140048584     LIBCMT:frame.obj
 0004:00001590       $pdata$_getstream$fin$0    0000000140048590     LIBCMT:closeall.obj
 0004:00001590       $pdata$_fcloseall$fin$0    0000000140048590     LIBCMT:closeall.obj
 0004:0000159c       $pdata$_mtinitlocknum$fin$0 000000014004859c     LIBCMT:mlock.obj
 0004:000015a8       $pdata$_ioinit$fin$0       00000001400485a8     LIBCMT:ioinit.obj
 0004:000015b4       $pdata$_IsNonwritableInCurrentImage$filt$0 00000001400485b4     LIBCMT:pesect.obj
 0004:000015c0       $pdata$raise$fin$0         00000001400485c0     LIBCMT:winsig.obj
 0004:000015cc       $pdata$_setmbcp$fin$0      00000001400485cc     LIBCMT:mbctype.obj
 0004:000015cc       $pdata$__updatetmbcinfo$fin$0 00000001400485cc     LIBCMT:mbctype.obj
 0004:000015d8       $pdata$_close$fin$0        00000001400485d8     LIBCMT:close.obj
 0004:000015d8       $pdata$_commit$fin$0       00000001400485d8     LIBCMT:close.obj
 0004:000015e4       $pdata$_write$fin$0        00000001400485e4     LIBCMT:lseek.obj
 0004:000015e4       $pdata$_lseek$fin$0        00000001400485e4     LIBCMT:lseek.obj
 0004:000015e4       $pdata$_lseeki64$fin$0     00000001400485e4     LIBCMT:lseek.obj
 0004:000015e4       $pdata$_read$fin$0         00000001400485e4     LIBCMT:lseek.obj
 0004:000015f0       $pdata$_locterm$fin$0      00000001400485f0     LIBCMT:wsetloca.obj
 0004:000015f0       $pdata$__updatetlocinfo$fin$0 00000001400485f0     LIBCMT:wsetloca.obj
 0004:000015fc       $pdata$__lock_fhandle$fin$0 00000001400485fc     LIBCMT:osfinfo.obj
 0004:00001608       $pdata$_alloc_osfhnd$fin$0 0000000140048608     LIBCMT:osfinfo.obj
 0004:00001614       $pdata$_alloc_osfhnd$fin$1 0000000140048614     LIBCMT:osfinfo.obj
 0004:00001620       $pdata$_sopen_helper$fin$0 0000000140048620     LIBCMT:open.obj
 0004:0000162c       $pdata$??__Eallocator_arg@std@@YAXXZ 000000014004862c     matrix.cu.obj
 0004:00001638       $pdata$??__Epiecewise_construct@std@@YAXXZ 0000000140048638     matrix.cu.obj
 0004:00001644       $pdata$??__Etex_a@@YAXXZ   0000000140048644     matrix.cu.obj
 0004:00001650       $pdata$??__Etex_b@@YAXXZ   0000000140048650     matrix.cu.obj
 0004:0000165c       $pdata$??__Etex_buffer@@YAXXZ 000000014004865c     matrix.cu.obj
 0004:00001668       $pdata$??__Etex_v@@YAXXZ   0000000140048668     matrix.cu.obj
 0004:00001674       $pdata$??__Etex_w@@YAXXZ   0000000140048674     matrix.cu.obj
 0004:00001680       $pdata$??__Eallocator_arg@std@@YAXXZ 0000000140048680     matrixadd.cu.obj
 0004:0000168c       $pdata$??__Epiecewise_construct@std@@YAXXZ 000000014004868c     matrixadd.cu.obj
 0004:00001698       $pdata$??__Etex_a@@YAXXZ   0000000140048698     matrixadd.cu.obj
 0004:000016a4       $pdata$??__Etex_b@@YAXXZ   00000001400486a4     matrixadd.cu.obj
 0004:000016b0       $pdata$??__Etex_buffer@@YAXXZ 00000001400486b0     matrixadd.cu.obj
 0004:000016bc       $pdata$??__Etex_v@@YAXXZ   00000001400486bc     matrixadd.cu.obj
 0004:000016c8       $pdata$??__Etex_w@@YAXXZ   00000001400486c8     matrixadd.cu.obj
 0004:000016d4       $pdata$??__Eallocator_arg@std@@YAXXZ 00000001400486d4     matrixminus.cu.obj
 0004:000016e0       $pdata$??__Epiecewise_construct@std@@YAXXZ 00000001400486e0     matrixminus.cu.obj
 0004:000016ec       $pdata$??__Etex_a@@YAXXZ   00000001400486ec     matrixminus.cu.obj
 0004:000016f8       $pdata$??__Etex_b@@YAXXZ   00000001400486f8     matrixminus.cu.obj
 0004:00001704       $pdata$??__Etex_buffer@@YAXXZ 0000000140048704     matrixminus.cu.obj
 0004:00001710       $pdata$??__Etex_v@@YAXXZ   0000000140048710     matrixminus.cu.obj
 0004:0000171c       $pdata$??__Etex_w@@YAXXZ   000000014004871c     matrixminus.cu.obj
 0004:00001728       $pdata$??__Eallocator_arg@std@@YAXXZ 0000000140048728     matrixplus.cu.obj
 0004:00001734       $pdata$??__Epiecewise_construct@std@@YAXXZ 0000000140048734     matrixplus.cu.obj
 0004:00001740       $pdata$??__Etex_a@@YAXXZ   0000000140048740     matrixplus.cu.obj
 0004:0000174c       $pdata$??__Etex_b@@YAXXZ   000000014004874c     matrixplus.cu.obj
 0004:00001758       $pdata$??__Etex_buffer@@YAXXZ 0000000140048758     matrixplus.cu.obj
 0004:00001764       $pdata$??__Etex_v@@YAXXZ   0000000140048764     matrixplus.cu.obj
 0004:00001770       $pdata$??__Etex_w@@YAXXZ   0000000140048770     matrixplus.cu.obj
 0004:0000177c       $pdata$??__Eallocator_arg@std@@YAXXZ 000000014004877c     matrixsub.cu.obj
 0004:00001788       $pdata$??__Epiecewise_construct@std@@YAXXZ 0000000140048788     matrixsub.cu.obj
 0004:00001794       $pdata$??__Etex_a@@YAXXZ   0000000140048794     matrixsub.cu.obj
 0004:000017a0       $pdata$??__Etex_b@@YAXXZ   00000001400487a0     matrixsub.cu.obj
 0004:000017ac       $pdata$??__Etex_buffer@@YAXXZ 00000001400487ac     matrixsub.cu.obj
 0004:000017b8       $pdata$??__Etex_v@@YAXXZ   00000001400487b8     matrixsub.cu.obj
 0004:000017c4       $pdata$??__Etex_w@@YAXXZ   00000001400487c4     matrixsub.cu.obj
 0004:000017d0       $pdata$??__Eallocator_arg@std@@YAXXZ 00000001400487d0     matrix.flex.cpp.obj
 0004:000017dc       $pdata$??__Epiecewise_construct@std@@YAXXZ 00000001400487dc     matrix.flex.cpp.obj
 0004:000017e8       $pdata$??__Eallocator_arg@std@@YAXXZ 00000001400487e8     matrix.tab.cpp.obj
 0004:000017f4       $pdata$??__Eblocks@@YAXXZ  00000001400487f4     matrix.tab.cpp.obj
 0004:00001800       $pdata$??__Epiecewise_construct@std@@YAXXZ 0000000140048800     matrix.tab.cpp.obj
 0004:0000180c       $pdata$??__Ethreads@@YAXXZ 000000014004880c     matrix.tab.cpp.obj
 0004:00001818       $pdata$??__Eallocator_arg@std@@YAXXZ 0000000140048818     matrixrot.cu.obj
 0004:00001824       $pdata$??__Epiecewise_construct@std@@YAXXZ 0000000140048824     matrixrot.cu.obj
 0004:00001830       $pdata$??__Etex_a@@YAXXZ   0000000140048830     matrixrot.cu.obj
 0004:0000183c       $pdata$??__Etex_b@@YAXXZ   000000014004883c     matrixrot.cu.obj
 0004:00001848       $pdata$??__Etex_buffer@@YAXXZ 0000000140048848     matrixrot.cu.obj
 0004:00001854       $pdata$??__Etex_v@@YAXXZ   0000000140048854     matrixrot.cu.obj
 0004:00001860       $pdata$??__Etex_w@@YAXXZ   0000000140048860     matrixrot.cu.obj
 0004:0000186c       $pdata$??__Eallocator_arg@std@@YAXXZ 000000014004886c     matrixgaussjordan.cu.obj
 0004:00001878       $pdata$??__Epiecewise_construct@std@@YAXXZ 0000000140048878     matrixgaussjordan.cu.obj
 0004:00001884       $pdata$??__Etex_a@@YAXXZ   0000000140048884     matrixgaussjordan.cu.obj
 0004:00001890       $pdata$??__Etex_b@@YAXXZ   0000000140048890     matrixgaussjordan.cu.obj
 0004:0000189c       $pdata$??__Etex_buffer@@YAXXZ 000000014004889c     matrixgaussjordan.cu.obj
 0004:000018a8       $pdata$??__Etex_v@@YAXXZ   00000001400488a8     matrixgaussjordan.cu.obj
 0004:000018b4       $pdata$??__Etex_w@@YAXXZ   00000001400488b4     matrixgaussjordan.cu.obj
 0004:000018c0       $pdata$??__Eallocator_arg@std@@YAXXZ 00000001400488c0     matrixio.cpp.obj
 0004:000018cc       $pdata$??__Epiecewise_construct@std@@YAXXZ 00000001400488cc     matrixio.cpp.obj
 0004:000018d8       $pdata$??__Eallocator_arg@std@@YAXXZ 00000001400488d8     matrixmul.cu.obj
 0004:000018e4       $pdata$??__Epiecewise_construct@std@@YAXXZ 00000001400488e4     matrixmul.cu.obj
 0004:000018f0       $pdata$??__Etex_a@@YAXXZ   00000001400488f0     matrixmul.cu.obj
 0004:000018fc       $pdata$??__Etex_b@@YAXXZ   00000001400488fc     matrixmul.cu.obj
 0004:00001908       $pdata$??__Etex_buffer@@YAXXZ 0000000140048908     matrixmul.cu.obj
 0004:00001914       $pdata$??__Etex_v@@YAXXZ   0000000140048914     matrixmul.cu.obj
 0004:00001920       $pdata$??__Etex_w@@YAXXZ   0000000140048920     matrixmul.cu.obj
 0005:00000000       fatbinData                 0000000140049000     matrix.cu.obj
 0005:00000d90       fatbinData                 0000000140049d90     matrixadd.cu.obj
 0005:00006250       fatbinData                 000000014004f250     matrixminus.cu.obj
 0005:0000a8c0       fatbinData                 00000001400538c0     matrixplus.cu.obj
 0005:0000f020       fatbinData                 0000000140058020     matrixsub.cu.obj
 0005:000144e0       fatbinData                 000000014005d4e0     matrixrot.cu.obj
 0005:00018c40       fatbinData                 0000000140061c40     matrixgaussjordan.cu.obj
 0005:000457e0       fatbinData                 000000014008e7e0     matrixmul.cu.obj
 0006:00000000       __fatDeviceText            00000001400a3000     matrix.cu.obj
 0006:00000018       __fatDeviceText            00000001400a3018     matrixadd.cu.obj
 0006:00000030       __fatDeviceText            00000001400a3030     matrixminus.cu.obj
 0006:00000048       __fatDeviceText            00000001400a3048     matrixplus.cu.obj
 0006:00000060       __fatDeviceText            00000001400a3060     matrixsub.cu.obj
 0006:00000078       __fatDeviceText            00000001400a3078     matrixrot.cu.obj
 0006:00000090       __fatDeviceText            00000001400a3090     matrixgaussjordan.cu.obj
 0006:000000a8       __fatDeviceText            00000001400a30a8     matrixmul.cu.obj
 0007:00000060       $R000000                   00000001400a4060     * linker generated manifest res *
